<html>
<body>
<pre>
<h1>µVision Build Log</h1>
<h2>Tool Versions:</h2>
IDE-Version: ¦ÌVision V5.17.0.0
Copyright (C) 2015 ARM Ltd and ARM Germany GmbH. All rights reserved.
License Information: a Microsoft, Microsoft, LIC=FQQ9U-S67KL-MQS0F-64HCC-Z2PWY-MJLVY
 
Tool Versions:
Toolchain:       MDK-ARM Professional  Version: 5.17
Toolchain Path:  C:\Keil_v5\ARM\ARMCC\Bin
C Compiler:      Armcc.exe V5.06 update 1 (build 61)
Assembler:       Armasm.exe V5.06 update 1 (build 61)
Linker/Locator:  ArmLink.exe V5.06 update 1 (build 61)
Library Manager: ArmAr.exe V5.06 update 1 (build 61)
Hex Converter:   FromElf.exe V5.06 update 1 (build 61)
CPU DLL:         SARMCM3.DLL V5.17
Dialog DLL:      DCM.DLL V1.13.4.0
Target DLL:      STLink\ST-LINKIII-KEIL_SWO.dll V2.0.18.0
Dialog DLL:      TCM.DLL V1.14.6.0
 
<h2>Project:</h2>
C:\Users\zjz\Desktop\YS-F1Mini_HAL-011.GPS-USART\YS-F1Mini_HAL-011.GPS-USART\MDK-ARM\YS-F1Mini.uvprojx
Project File Date:  07/20/2017

<h2>Output:</h2>
*** Using Compiler 'V5.06 update 1 (build 61)', folder: 'C:\Keil_v5\ARM\ARMCC\Bin'
Build target 'YS-F1Mini'
compiling nema_decode_test.c...
../Inc/ssd1306.h(238): warning:  #1295-D: Deprecated declaration ssd1306_I2C_Init - give arg types
  void ssd1306_I2C_Init();
..\Src\nema_decode_test.c(302): warning:  #188-D: enumerated type mixed with another type
  SSD1306_Fill(0);
..\Src\nema_decode_test.c(305): warning:  #188-D: enumerated type mixed with another type
  SSD1306_Puts(str, &Font_7x10, 1);
..\Src\nema_decode_test.c: 3 warnings, 0 errors
linking...
Program Size: Code=17674 RO-data=2426 RW-data=76 ZI-data=10004  
FromELF: creating hex file...
".\YS-F1Mini\YS-F1Mini.axf" - 0 Error(s), 3 Warning(s).

<h2>Collection of Component include folders:</h2>
  C:\Users\zjz\Desktop\YS-F1Mini_HAL-011.GPS-USART\YS-F1Mini_HAL-011.GPS-USART\MDK-ARM\RTE
  C:\Keil_v5\ARM\PACK\Keil\STM32F1xx_DFP\2.0.0\Device\Include

<h2>Collection of Component Files used:</h2>
Build Time Elapsed:  00:00:01
</pre>
</body>
</html>
