Component: ARM Compiler 5.06 update 1 (build 61) Tool: armlink [4d35a8]

==============================================================================

Section Cross References

    system_stm32f1xx.o(i.SystemCoreClockUpdate) refers to system_stm32f1xx.o(.data) for .data
    system_stm32f1xx.o(i.SystemCoreClockUpdate) refers to system_stm32f1xx.o(.constdata) for .constdata
    stm32f1xx_hal_pwr.o(i.HAL_PWR_EnterSTOPMode) refers to stm32f1xx_hal_pwr.o(i.PWR_OverloadWfe) for PWR_OverloadWfe
    stm32f1xx_hal_pwr.o(i.HAL_PWR_PVD_IRQHandler) refers to stm32f1xx_hal_pwr.o(i.HAL_PWR_PVDCallback) for HAL_PWR_PVDCallback
    stm32f1xx_hal_flash_ex.o(i.FLASH_MassErase) refers to stm32f1xx_hal_flash.o(.bss) for pFlash
    stm32f1xx_hal_flash_ex.o(i.FLASH_OB_DisableWRP) refers to stm32f1xx_hal_flash.o(i.FLASH_WaitForLastOperation) for FLASH_WaitForLastOperation
    stm32f1xx_hal_flash_ex.o(i.FLASH_OB_DisableWRP) refers to stm32f1xx_hal_flash_ex.o(i.HAL_FLASHEx_OBErase) for HAL_FLASHEx_OBErase
    stm32f1xx_hal_flash_ex.o(i.FLASH_OB_DisableWRP) refers to stm32f1xx_hal_flash.o(.bss) for pFlash
    stm32f1xx_hal_flash_ex.o(i.FLASH_OB_EnableWRP) refers to stm32f1xx_hal_flash.o(i.FLASH_WaitForLastOperation) for FLASH_WaitForLastOperation
    stm32f1xx_hal_flash_ex.o(i.FLASH_OB_EnableWRP) refers to stm32f1xx_hal_flash_ex.o(i.HAL_FLASHEx_OBErase) for HAL_FLASHEx_OBErase
    stm32f1xx_hal_flash_ex.o(i.FLASH_OB_EnableWRP) refers to stm32f1xx_hal_flash.o(.bss) for pFlash
    stm32f1xx_hal_flash_ex.o(i.FLASH_OB_RDP_LevelConfig) refers to stm32f1xx_hal_flash.o(i.FLASH_WaitForLastOperation) for FLASH_WaitForLastOperation
    stm32f1xx_hal_flash_ex.o(i.FLASH_OB_RDP_LevelConfig) refers to stm32f1xx_hal_flash.o(.bss) for pFlash
    stm32f1xx_hal_flash_ex.o(i.FLASH_PageErase) refers to stm32f1xx_hal_flash.o(.bss) for pFlash
    stm32f1xx_hal_flash_ex.o(i.HAL_FLASHEx_Erase) refers to stm32f1xx_hal_flash.o(i.FLASH_WaitForLastOperation) for FLASH_WaitForLastOperation
    stm32f1xx_hal_flash_ex.o(i.HAL_FLASHEx_Erase) refers to stm32f1xx_hal_flash_ex.o(i.FLASH_MassErase) for FLASH_MassErase
    stm32f1xx_hal_flash_ex.o(i.HAL_FLASHEx_Erase) refers to stm32f1xx_hal_flash_ex.o(i.FLASH_PageErase) for FLASH_PageErase
    stm32f1xx_hal_flash_ex.o(i.HAL_FLASHEx_Erase) refers to stm32f1xx_hal_flash.o(.bss) for pFlash
    stm32f1xx_hal_flash_ex.o(i.HAL_FLASHEx_Erase_IT) refers to stm32f1xx_hal_flash_ex.o(i.FLASH_PageErase) for FLASH_PageErase
    stm32f1xx_hal_flash_ex.o(i.HAL_FLASHEx_Erase_IT) refers to stm32f1xx_hal_flash_ex.o(i.FLASH_MassErase) for FLASH_MassErase
    stm32f1xx_hal_flash_ex.o(i.HAL_FLASHEx_Erase_IT) refers to stm32f1xx_hal_flash.o(.bss) for pFlash
    stm32f1xx_hal_flash_ex.o(i.HAL_FLASHEx_OBErase) refers to stm32f1xx_hal_flash_ex.o(i.FLASH_OB_GetRDP) for FLASH_OB_GetRDP
    stm32f1xx_hal_flash_ex.o(i.HAL_FLASHEx_OBErase) refers to stm32f1xx_hal_flash.o(i.FLASH_WaitForLastOperation) for FLASH_WaitForLastOperation
    stm32f1xx_hal_flash_ex.o(i.HAL_FLASHEx_OBErase) refers to stm32f1xx_hal_flash_ex.o(i.FLASH_OB_RDP_LevelConfig) for FLASH_OB_RDP_LevelConfig
    stm32f1xx_hal_flash_ex.o(i.HAL_FLASHEx_OBErase) refers to stm32f1xx_hal_flash.o(.bss) for pFlash
    stm32f1xx_hal_flash_ex.o(i.HAL_FLASHEx_OBGetConfig) refers to stm32f1xx_hal_flash_ex.o(i.FLASH_OB_GetRDP) for FLASH_OB_GetRDP
    stm32f1xx_hal_flash_ex.o(i.HAL_FLASHEx_OBProgram) refers to stm32f1xx_hal_flash_ex.o(i.FLASH_OB_DisableWRP) for FLASH_OB_DisableWRP
    stm32f1xx_hal_flash_ex.o(i.HAL_FLASHEx_OBProgram) refers to stm32f1xx_hal_flash_ex.o(i.FLASH_OB_EnableWRP) for FLASH_OB_EnableWRP
    stm32f1xx_hal_flash_ex.o(i.HAL_FLASHEx_OBProgram) refers to stm32f1xx_hal_flash_ex.o(i.FLASH_OB_RDP_LevelConfig) for FLASH_OB_RDP_LevelConfig
    stm32f1xx_hal_flash_ex.o(i.HAL_FLASHEx_OBProgram) refers to stm32f1xx_hal_flash.o(i.FLASH_WaitForLastOperation) for FLASH_WaitForLastOperation
    stm32f1xx_hal_flash_ex.o(i.HAL_FLASHEx_OBProgram) refers to stm32f1xx_hal_flash.o(.bss) for pFlash
    stm32f1xx_hal_dma.o(i.HAL_DMA_Abort) refers to stm32f1xx_hal.o(i.HAL_GetTick) for HAL_GetTick
    stm32f1xx_hal_dma.o(i.HAL_DMA_PollForTransfer) refers to stm32f1xx_hal.o(i.HAL_GetTick) for HAL_GetTick
    stm32f1xx_hal_dma.o(i.HAL_DMA_Start) refers to stm32f1xx_hal_dma.o(i.DMA_SetConfig) for DMA_SetConfig
    stm32f1xx_hal_dma.o(i.HAL_DMA_Start_IT) refers to stm32f1xx_hal_dma.o(i.DMA_SetConfig) for DMA_SetConfig
    stm32f1xx_hal_tim.o(i.HAL_TIM_Base_DeInit) refers to stm32f1xx_hal_tim.o(i.HAL_TIM_Base_MspDeInit) for HAL_TIM_Base_MspDeInit
    stm32f1xx_hal_tim.o(i.HAL_TIM_Base_Init) refers to stm32f1xx_hal_tim.o(i.HAL_TIM_Base_MspInit) for HAL_TIM_Base_MspInit
    stm32f1xx_hal_tim.o(i.HAL_TIM_Base_Init) refers to stm32f1xx_hal_tim.o(i.TIM_Base_SetConfig) for TIM_Base_SetConfig
    stm32f1xx_hal_tim.o(i.HAL_TIM_Base_Start_DMA) refers to stm32f1xx_hal_dma.o(i.HAL_DMA_Start_IT) for HAL_DMA_Start_IT
[...]
    ../fplib/microlib/fpepilogue.c           0x00000000   Number         0  fepilogue.o ABSOLUTE
    ../fplib/microlib/fpepilogue.c           0x00000000   Number         0  depilogue.o ABSOLUTE
    ../fplib/microlib/fpfix.c                0x00000000   Number         0  dfixul.o ABSOLUTE
    ../fplib/microlib/fpfix.c                0x00000000   Number         0  dfixi.o ABSOLUTE
    ../fplib/microlib/fpflt.c                0x00000000   Number         0  dfltui.o ABSOLUTE
    ../fplib/microlib/fpflt.c                0x00000000   Number         0  dfltul.o ABSOLUTE
    ../fplib/microlib/fpflt.c                0x00000000   Number         0  dflti.o ABSOLUTE
    ../fplib/microlib/fpmul.c                0x00000000   Number         0  dmul.o ABSOLUTE
    ../fplib/microlib/fpscalb.c              0x00000000   Number         0  dscalb.o ABSOLUTE
    ../fplib/microlib/fpsqrt.c               0x00000000   Number         0  dsqrt.o ABSOLUTE
    ../mathlib/acos.c                        0x00000000   Number         0  acos.o ABSOLUTE
    ../mathlib/acos.c                        0x00000000   Number         0  acos_x.o ABSOLUTE
    ../mathlib/asin.c                        0x00000000   Number         0  asin_x.o ABSOLUTE
    ../mathlib/asin.c                        0x00000000   Number         0  asin.o ABSOLUTE
    ../mathlib/atan.c                        0x00000000   Number         0  atan_x.o ABSOLUTE
    ../mathlib/atan.c                        0x00000000   Number         0  atan.o ABSOLUTE
    ../mathlib/atan2.c                       0x00000000   Number         0  atan2_x.o ABSOLUTE
    ../mathlib/atan2.c                       0x00000000   Number         0  atan2.o ABSOLUTE
    ../mathlib/ceil.c                        0x00000000   Number         0  ceil.o ABSOLUTE
    ../mathlib/cos.c                         0x00000000   Number         0  cos_x.o ABSOLUTE
    ../mathlib/cos.c                         0x00000000   Number         0  cos.o ABSOLUTE
    ../mathlib/cos_i.c                       0x00000000   Number         0  cos_i.o ABSOLUTE
    ../mathlib/dunder.c                      0x00000000   Number         0  dunder.o ABSOLUTE
    ../mathlib/fpclassify.c                  0x00000000   Number         0  fpclassify.o ABSOLUTE
    ../mathlib/modf.c                        0x00000000   Number         0  modf.o ABSOLUTE
    ../mathlib/poly.c                        0x00000000   Number         0  poly.o ABSOLUTE
    ../mathlib/pow.c                         0x00000000   Number         0  pow_x.o ABSOLUTE
    ../mathlib/pow.c                         0x00000000   Number         0  pow.o ABSOLUTE
    ../mathlib/qnan.c                        0x00000000   Number         0  qnan.o ABSOLUTE
    ../mathlib/rred.c                        0x00000000   Number         0  rred.o ABSOLUTE
    ../mathlib/sin.c                         0x00000000   Number         0  sin.o ABSOLUTE
    ../mathlib/sin.c                         0x00000000   Number         0  sin_x.o ABSOLUTE
    ../mathlib/sin_i.c                       0x00000000   Number         0  sin_i.o ABSOLUTE
    ../mathlib/sin_i.c                       0x00000000   Number         0  sin_i_x.o ABSOLUTE
    ../mathlib/sqrt.c                        0x00000000   Number         0  sqrt_x.o ABSOLUTE
    ../mathlib/sqrt.c                        0x00000000   Number         0  sqrt.o ABSOLUTE
    ../mathlib/strtod.c                      0x00000000   Number         0  strtod.o ABSOLUTE
    ../mathlib/tan.c                         0x00000000   Number         0  tan.o ABSOLUTE
    ../mathlib/tan.c                         0x00000000   Number         0  tan_x.o ABSOLUTE
    ../mathlib/tan_i.c                       0x00000000   Number         0  tan_i_x.o ABSOLUTE
    ../mathlib/tan_i.c                       0x00000000   Number         0  tan_i.o ABSOLUTE
    ..\Drivers\CMSIS\Device\ST\STM32F1xx\Source\Templates\system_stm32f1xx.c 0x00000000   Number         0  system_stm32f1xx.o ABSOLUTE
    ..\Drivers\STM32F1xx_HAL_Driver\Src\stm32f1xx_hal.c 0x00000000   Number         0  stm32f1xx_hal.o ABSOLUTE
    ..\Drivers\STM32F1xx_HAL_Driver\Src\stm32f1xx_hal_adc.c 0x00000000   Number         0  stm32f1xx_hal_adc.o ABSOLUTE
    ..\Drivers\STM32F1xx_HAL_Driver\Src\stm32f1xx_hal_adc_ex.c 0x00000000   Number         0  stm32f1xx_hal_adc_ex.o ABSOLUTE
    ..\Drivers\STM32F1xx_HAL_Driver\Src\stm32f1xx_hal_can.c 0x00000000   Number         0  stm32f1xx_hal_can.o ABSOLUTE
    ..\Drivers\STM32F1xx_HAL_Driver\Src\stm32f1xx_hal_cec.c 0x00000000   Number         0  stm32f1xx_hal_cec.o ABSOLUTE
    ..\Drivers\STM32F1xx_HAL_Driver\Src\stm32f1xx_hal_cortex.c 0x00000000   Number         0  stm32f1xx_hal_cortex.o ABSOLUTE
    ..\Drivers\STM32F1xx_HAL_Driver\Src\stm32f1xx_hal_crc.c 0x00000000   Number         0  stm32f1xx_hal_crc.o ABSOLUTE
    ..\Drivers\STM32F1xx_HAL_Driver\Src\stm32f1xx_hal_dac.c 0x00000000   Number         0  stm32f1xx_hal_dac.o ABSOLUTE
    ..\Drivers\STM32F1xx_HAL_Driver\Src\stm32f1xx_hal_dac_ex.c 0x00000000   Number         0  stm32f1xx_hal_dac_ex.o ABSOLUTE
    ..\Drivers\STM32F1xx_HAL_Driver\Src\stm32f1xx_hal_dma.c 0x00000000   Number         0  stm32f1xx_hal_dma.o ABSOLUTE
    ..\Drivers\STM32F1xx_HAL_Driver\Src\stm32f1xx_hal_eth.c 0x00000000   Number         0  stm32f1xx_hal_eth.o ABSOLUTE
    ..\Drivers\STM32F1xx_HAL_Driver\Src\stm32f1xx_hal_flash.c 0x00000000   Number         0  stm32f1xx_hal_flash.o ABSOLUTE
    ..\Drivers\STM32F1xx_HAL_Driver\Src\stm32f1xx_hal_flash_ex.c 0x00000000   Number         0  stm32f1xx_hal_flash_ex.o ABSOLUTE
    ..\Drivers\STM32F1xx_HAL_Driver\Src\stm32f1xx_hal_gpio.c 0x00000000   Number         0  stm32f1xx_hal_gpio.o ABSOLUTE
    ..\Drivers\STM32F1xx_HAL_Driver\Src\stm32f1xx_hal_gpio_ex.c 0x00000000   Number         0  stm32f1xx_hal_gpio_ex.o ABSOLUTE
    ..\Drivers\STM32F1xx_HAL_Driver\Src\stm32f1xx_hal_hcd.c 0x00000000   Number         0  stm32f1xx_hal_hcd.o ABSOLUTE
    ..\Drivers\STM32F1xx_HAL_Driver\Src\stm32f1xx_hal_i2c.c 0x00000000   Number         0  stm32f1xx_hal_i2c.o ABSOLUTE
    ..\Drivers\STM32F1xx_HAL_Driver\Src\stm32f1xx_hal_i2s.c 0x00000000   Number         0  stm32f1xx_hal_i2s.o ABSOLUTE
    ..\Drivers\STM32F1xx_HAL_Driver\Src\stm32f1xx_hal_irda.c 0x00000000   Number         0  stm32f1xx_hal_irda.o ABSOLUTE
    ..\Drivers\STM32F1xx_HAL_Driver\Src\stm32f1xx_hal_iwdg.c 0x00000000   Number         0  stm32f1xx_hal_iwdg.o ABSOLUTE
    ..\Drivers\STM32F1xx_HAL_Driver\Src\stm32f1xx_hal_nand.c 0x00000000   Number         0  stm32f1xx_hal_nand.o ABSOLUTE
    ..\Drivers\STM32F1xx_HAL_Driver\Src\stm32f1xx_hal_nor.c 0x00000000   Number         0  stm32f1xx_hal_nor.o ABSOLUTE
    ..\Drivers\STM32F1xx_HAL_Driver\Src\stm32f1xx_hal_pccard.c 0x00000000   Number         0  stm32f1xx_hal_pccard.o ABSOLUTE
    ..\Drivers\STM32F1xx_HAL_Driver\Src\stm32f1xx_hal_pcd.c 0x00000000   Number         0  stm32f1xx_hal_pcd.o ABSOLUTE
    ..\Drivers\STM32F1xx_HAL_Driver\Src\stm32f1xx_hal_pcd_ex.c 0x00000000   Number         0  stm32f1xx_hal_pcd_ex.o ABSOLUTE
    ..\Drivers\STM32F1xx_HAL_Driver\Src\stm32f1xx_hal_pwr.c 0x00000000   Number         0  stm32f1xx_hal_pwr.o ABSOLUTE
    ..\Drivers\STM32F1xx_HAL_Driver\Src\stm32f1xx_hal_rcc.c 0x00000000   Number         0  stm32f1xx_hal_rcc.o ABSOLUTE
    ..\Drivers\STM32F1xx_HAL_Driver\Src\stm32f1xx_hal_rcc_ex.c 0x00000000   Number         0  stm32f1xx_hal_rcc_ex.o ABSOLUTE
    ..\Drivers\STM32F1xx_HAL_Driver\Src\stm32f1xx_hal_rtc.c 0x00000000   Number         0  stm32f1xx_hal_rtc.o ABSOLUTE
    ..\Drivers\STM32F1xx_HAL_Driver\Src\stm32f1xx_hal_rtc_ex.c 0x00000000   Number         0  stm32f1xx_hal_rtc_ex.o ABSOLUTE
    ..\Drivers\STM32F1xx_HAL_Driver\Src\stm32f1xx_hal_sd.c 0x00000000   Number         0  stm32f1xx_hal_sd.o ABSOLUTE
    ..\Drivers\STM32F1xx_HAL_Driver\Src\stm32f1xx_hal_smartcard.c 0x00000000   Number         0  stm32f1xx_hal_smartcard.o ABSOLUTE
    ..\Drivers\STM32F1xx_HAL_Driver\Src\stm32f1xx_hal_spi.c 0x00000000   Number         0  stm32f1xx_hal_spi.o ABSOLUTE
    ..\Drivers\STM32F1xx_HAL_Driver\Src\stm32f1xx_hal_spi_ex.c 0x00000000   Number         0  stm32f1xx_hal_spi_ex.o ABSOLUTE
    ..\Drivers\STM32F1xx_HAL_Driver\Src\stm32f1xx_hal_sram.c 0x00000000   Number         0  stm32f1xx_hal_sram.o ABSOLUTE
    ..\Drivers\STM32F1xx_HAL_Driver\Src\stm32f1xx_hal_tim.c 0x00000000   Number         0  stm32f1xx_hal_tim.o ABSOLUTE
    ..\Drivers\STM32F1xx_HAL_Driver\Src\stm32f1xx_hal_tim_ex.c 0x00000000   Number         0  stm32f1xx_hal_tim_ex.o ABSOLUTE
    ..\Drivers\STM32F1xx_HAL_Driver\Src\stm32f1xx_hal_uart.c 0x00000000   Number         0  stm32f1xx_hal_uart.o ABSOLUTE
    ..\Drivers\STM32F1xx_HAL_Driver\Src\stm32f1xx_hal_usart.c 0x00000000   Number         0  stm32f1xx_hal_usart.o ABSOLUTE
    ..\Drivers\STM32F1xx_HAL_Driver\Src\stm32f1xx_hal_wwdg.c 0x00000000   Number         0  stm32f1xx_hal_wwdg.o ABSOLUTE
    ..\Drivers\STM32F1xx_HAL_Driver\Src\stm32f1xx_ll_fsmc.c 0x00000000   Number         0  stm32f1xx_ll_fsmc.o ABSOLUTE
    ..\Drivers\STM32F1xx_HAL_Driver\Src\stm32f1xx_ll_sdmmc.c 0x00000000   Number         0  stm32f1xx_ll_sdmmc.o ABSOLUTE
    ..\Drivers\STM32F1xx_HAL_Driver\Src\stm32f1xx_ll_usb.c 0x00000000   Number         0  stm32f1xx_ll_usb.o ABSOLUTE
    ..\Src\bsp\gps\bsp_gps_usartx.c          0x00000000   Number         0  bsp_gps_usartx.o ABSOLUTE
    ..\Src\bsp\led\bsp_led.c                 0x00000000   Number         0  bsp_led.o ABSOLUTE
    ..\Src\bsp\usart\bsp_debug_usart.c       0x00000000   Number         0  bsp_debug_usart.o ABSOLUTE
    ..\Src\fonts.c                           0x00000000   Number         0  fonts.o ABSOLUTE
    ..\Src\gpio.c                            0x00000000   Number         0  gpio.o ABSOLUTE
    ..\Src\i2c.c                             0x00000000   Number         0  i2c.o ABSOLUTE
    ..\Src\main.c                            0x00000000   Number         0  main.o ABSOLUTE
    ..\Src\nema_decode_test.c                0x00000000   Number         0  nema_decode_test.o ABSOLUTE
    ..\Src\nmea_decode\src\context.c         0x00000000   Number         0  context.o ABSOLUTE
    ..\Src\nmea_decode\src\generate.c        0x00000000   Number         0  generate.o ABSOLUTE
    ..\Src\nmea_decode\src\generator.c       0x00000000   Number         0  generator.o ABSOLUTE
    ..\Src\nmea_decode\src\gmath.c           0x00000000   Number         0  gmath.o ABSOLUTE
    ..\Src\nmea_decode\src\info.c            0x00000000   Number         0  info.o ABSOLUTE
    ..\Src\nmea_decode\src\parse.c           0x00000000   Number         0  parse.o ABSOLUTE
    ..\Src\nmea_decode\src\parser.c          0x00000000   Number         0  parser.o ABSOLUTE
    ..\Src\nmea_decode\src\sentence.c        0x00000000   Number         0  sentence.o ABSOLUTE
    ..\Src\nmea_decode\src\time.c            0x00000000   Number         0  time.o ABSOLUTE
    ..\Src\nmea_decode\src\tok.c             0x00000000   Number         0  tok.o ABSOLUTE
    ..\Src\ssd1306.c                         0x00000000   Number         0  ssd1306.o ABSOLUTE
    ..\Src\stm32f1xx_hal_msp.c               0x00000000   Number         0  stm32f1xx_hal_msp.o ABSOLUTE
    ..\Src\stm32f1xx_it.c                    0x00000000   Number         0  stm32f1xx_it.o ABSOLUTE
    ..\\Drivers\\STM32F1xx_HAL_Driver\\Src\\stm32f1xx_hal_adc.c 0x00000000   Number         0  stm32f1xx_hal_adc.o ABSOLUTE
    ..\\Drivers\\STM32F1xx_HAL_Driver\\Src\\stm32f1xx_hal_adc_ex.c 0x00000000   Number         0  stm32f1xx_hal_adc_ex.o ABSOLUTE
    ..\\Drivers\\STM32F1xx_HAL_Driver\\Src\\stm32f1xx_hal_can.c 0x00000000   Number         0  stm32f1xx_hal_can.o ABSOLUTE
    ..\\Drivers\\STM32F1xx_HAL_Driver\\Src\\stm32f1xx_hal_cec.c 0x00000000   Number         0  stm32f1xx_hal_cec.o ABSOLUTE
    ..\\Drivers\\STM32F1xx_HAL_Driver\\Src\\stm32f1xx_hal_crc.c 0x00000000   Number         0  stm32f1xx_hal_crc.o ABSOLUTE
    ..\\Drivers\\STM32F1xx_HAL_Driver\\Src\\stm32f1xx_hal_dac.c 0x00000000   Number         0  stm32f1xx_hal_dac.o ABSOLUTE
    ..\\Drivers\\STM32F1xx_HAL_Driver\\Src\\stm32f1xx_hal_dac_ex.c 0x00000000   Number         0  stm32f1xx_hal_dac_ex.o ABSOLUTE
    ..\\Drivers\\STM32F1xx_HAL_Driver\\Src\\stm32f1xx_hal_eth.c 0x00000000   Number         0  stm32f1xx_hal_eth.o ABSOLUTE
    ..\\Drivers\\STM32F1xx_HAL_Driver\\Src\\stm32f1xx_hal_gpio_ex.c 0x00000000   Number         0  stm32f1xx_hal_gpio_ex.o ABSOLUTE
    ..\\Drivers\\STM32F1xx_HAL_Driver\\Src\\stm32f1xx_hal_hcd.c 0x00000000   Number         0  stm32f1xx_hal_hcd.o ABSOLUTE
    ..\\Drivers\\STM32F1xx_HAL_Driver\\Src\\stm32f1xx_hal_i2c.c 0x00000000   Number         0  stm32f1xx_hal_i2c.o ABSOLUTE
    ..\\Drivers\\STM32F1xx_HAL_Driver\\Src\\stm32f1xx_hal_i2s.c 0x00000000   Number         0  stm32f1xx_hal_i2s.o ABSOLUTE
    ..\\Drivers\\STM32F1xx_HAL_Driver\\Src\\stm32f1xx_hal_irda.c 0x00000000   Number         0  stm32f1xx_hal_irda.o ABSOLUTE
    ..\\Drivers\\STM32F1xx_HAL_Driver\\Src\\stm32f1xx_hal_iwdg.c 0x00000000   Number         0  stm32f1xx_hal_iwdg.o ABSOLUTE
    ..\\Drivers\\STM32F1xx_HAL_Driver\\Src\\stm32f1xx_hal_nand.c 0x00000000   Number         0  stm32f1xx_hal_nand.o ABSOLUTE
    ..\\Drivers\\STM32F1xx_HAL_Driver\\Src\\stm32f1xx_hal_nor.c 0x00000000   Number         0  stm32f1xx_hal_nor.o ABSOLUTE
    ..\\Drivers\\STM32F1xx_HAL_Driver\\Src\\stm32f1xx_hal_pccard.c 0x00000000   Number         0  stm32f1xx_hal_pccard.o ABSOLUTE
    ..\\Drivers\\STM32F1xx_HAL_Driver\\Src\\stm32f1xx_hal_pcd.c 0x00000000   Number         0  stm32f1xx_hal_pcd.o ABSOLUTE
    ..\\Drivers\\STM32F1xx_HAL_Driver\\Src\\stm32f1xx_hal_pcd_ex.c 0x00000000   Number         0  stm32f1xx_hal_pcd_ex.o ABSOLUTE
    ..\\Drivers\\STM32F1xx_HAL_Driver\\Src\\stm32f1xx_hal_rtc.c 0x00000000   Number         0  stm32f1xx_hal_rtc.o ABSOLUTE
    ..\\Drivers\\STM32F1xx_HAL_Driver\\Src\\stm32f1xx_hal_rtc_ex.c 0x00000000   Number         0  stm32f1xx_hal_rtc_ex.o ABSOLUTE
    ..\\Drivers\\STM32F1xx_HAL_Driver\\Src\\stm32f1xx_hal_sd.c 0x00000000   Number         0  stm32f1xx_hal_sd.o ABSOLUTE
    ..\\Drivers\\STM32F1xx_HAL_Driver\\Src\\stm32f1xx_hal_smartcard.c 0x00000000   Number         0  stm32f1xx_hal_smartcard.o ABSOLUTE
    ..\\Drivers\\STM32F1xx_HAL_Driver\\Src\\stm32f1xx_hal_spi.c 0x00000000   Number         0  stm32f1xx_hal_spi.o ABSOLUTE
    ..\\Drivers\\STM32F1xx_HAL_Driver\\Src\\stm32f1xx_hal_spi_ex.c 0x00000000   Number         0  stm32f1xx_hal_spi_ex.o ABSOLUTE
    ..\\Drivers\\STM32F1xx_HAL_Driver\\Src\\stm32f1xx_hal_sram.c 0x00000000   Number         0  stm32f1xx_hal_sram.o ABSOLUTE
    ..\\Drivers\\STM32F1xx_HAL_Driver\\Src\\stm32f1xx_hal_uart.c 0x00000000   Number         0  stm32f1xx_hal_uart.o ABSOLUTE
    ..\\Drivers\\STM32F1xx_HAL_Driver\\Src\\stm32f1xx_hal_usart.c 0x00000000   Number         0  stm32f1xx_hal_usart.o ABSOLUTE
    ..\\Drivers\\STM32F1xx_HAL_Driver\\Src\\stm32f1xx_hal_wwdg.c 0x00000000   Number         0  stm32f1xx_hal_wwdg.o ABSOLUTE
    ..\\Drivers\\STM32F1xx_HAL_Driver\\Src\\stm32f1xx_ll_fsmc.c 0x00000000   Number         0  stm32f1xx_ll_fsmc.o ABSOLUTE
    ..\\Drivers\\STM32F1xx_HAL_Driver\\Src\\stm32f1xx_ll_sdmmc.c 0x00000000   Number         0  stm32f1xx_ll_sdmmc.o ABSOLUTE
    ..\\Drivers\\STM32F1xx_HAL_Driver\\Src\\stm32f1xx_ll_usb.c 0x00000000   Number         0  stm32f1xx_ll_usb.o ABSOLUTE
    ..\\Src\\bsp\\gps\\bsp_gps_usartx.c      0x00000000   Number         0  bsp_gps_usartx.o ABSOLUTE
    ..\\Src\\bsp\\led\\bsp_led.c             0x00000000   Number         0  bsp_led.o ABSOLUTE
    ..\\Src\\bsp\\usart\\bsp_debug_usart.c   0x00000000   Number         0  bsp_debug_usart.o ABSOLUTE
    ..\\Src\\fonts.c                         0x00000000   Number         0  fonts.o ABSOLUTE
    ..\\Src\\gpio.c                          0x00000000   Number         0  gpio.o ABSOLUTE
    ..\\Src\\i2c.c                           0x00000000   Number         0  i2c.o ABSOLUTE
    ..\\Src\\nema_decode_test.c              0x00000000   Number         0  nema_decode_test.o ABSOLUTE
    ..\\Src\\ssd1306.c                       0x00000000   Number         0  ssd1306.o ABSOLUTE
    cdcmple.s                                0x00000000   Number         0  cdcmple.o ABSOLUTE
    cdrcmple.s                               0x00000000   Number         0  cdrcmple.o ABSOLUTE
    dc.s                                     0x00000000   Number         0  dc.o ABSOLUTE
    handlers.s                               0x00000000   Number         0  handlers.o ABSOLUTE
    init.s                                   0x00000000   Number         0  init.o ABSOLUTE
    startup_stm32f103xb.s                    0x00000000   Number         0  startup_stm32f103xb.o ABSOLUTE
    RESET                                    0x08000000   Section      236  startup_stm32f103xb.o(RESET)
    .ARM.Collect$$$$00000000                 0x080000ec   Section        0  entry.o(.ARM.Collect$$$$00000000)
    .ARM.Collect$$$$00000001                 0x080000ec   Section        4  entry2.o(.ARM.Collect$$$$00000001)
    .ARM.Collect$$$$00000004                 0x080000f0   Section        4  entry5.o(.ARM.Collect$$$$00000004)
    .ARM.Collect$$$$00000008                 0x080000f4   Section        0  entry7b.o(.ARM.Collect$$$$00000008)
    .ARM.Collect$$$$0000000A                 0x080000f4   Section        0  entry8b.o(.ARM.Collect$$$$0000000A)
    .ARM.Collect$$$$0000000B                 0x080000f4   Section        8  entry9a.o(.ARM.Collect$$$$0000000B)
    .ARM.Collect$$$$0000000D                 0x080000fc   Section        0  entry10a.o(.ARM.Collect$$$$0000000D)
    .ARM.Collect$$$$0000000F                 0x080000fc   Section        0  entry11a.o(.ARM.Collect$$$$0000000F)
    .ARM.Collect$$$$00002712                 0x080000fc   Section        4  entry2.o(.ARM.Collect$$$$00002712)
    __lit__00000000                          0x080000fc   Data           4  entry2.o(.ARM.Collect$$$$00002712)
    .text                                    0x08000100   Section       36  startup_stm32f103xb.o(.text)
    .text                                    0x08000124   Section        0  llushr.o(.text)
    .text                                    0x08000144   Section        0  ctype_o.o(.text)
    .text                                    0x0800014c   Section        0  isspace_o.o(.text)
    .text                                    0x0800015e   Section        0  memcpya.o(.text)
    .text                                    0x08000182   Section        0  memseta.o(.text)
    .text                                    0x080001a6   Section        0  strlen.o(.text)
    .text                                    0x080001b4   Section        0  memchr.o(.text)
    .text                                    0x080001c8   Section        0  memcmp.o(.text)
    .text                                    0x080001e2   Section        0  strtol.o(.text)
    .text                                    0x08000252   Section        0  dadd.o(.text)
    .text                                    0x080003a0   Section        0  dmul.o(.text)
    .text                                    0x08000484   Section        0  ddiv.o(.text)
    .text                                    0x08000564   Section       48  cdrcmple.o(.text)
    .text                                    0x08000594   Section        0  uidiv.o(.text)
    .text                                    0x080005c0   Section        0  uldiv.o(.text)
    .text                                    0x08000622   Section        0  llshl.o(.text)
    .text                                    0x08000640   Section        0  llsshr.o(.text)
    .text                                    0x08000664   Section        0  _strtoul.o(.text)
    .text                                    0x08000704   Section        0  strtod.o(.text)
    _local_sscanf                            0x08000705   Thumb Code    54  strtod.o(.text)
    .text                                    0x080007a0   Section        0  iusefp.o(.text)
    .text                                    0x080007a0   Section        0  depilogue.o(.text)
    .text                                    0x0800085a   Section        0  dfixul.o(.text)
    .text                                    0x0800088c   Section       36  init.o(.text)
    .text                                    0x080008b0   Section        0  _chval.o(.text)
    .text                                    0x080008cc   Section        0  scanf_fp.o(.text)
    _fp_value                                0x080008cd   Thumb Code   256  scanf_fp.o(.text)
    .text                                    0x08000c04   Section        0  _sgetc.o(.text)
    .text                                    0x08000c44   Section        0  dfltul.o(.text)
    .text                                    0x08000c5c   Section        0  d2f.o(.text)
    .text                                    0x08000c94   Section        0  fepilogue.o(.text)
    i.BusFault_Handler                       0x08000d02   Section        0  stm32f1xx_it.o(i.BusFault_Handler)
    i.DMA1_Channel6_IRQHandler               0x08000d04   Section        0  stm32f1xx_it.o(i.DMA1_Channel6_IRQHandler)
    i.DMA_SetConfig                          0x08000d10   Section        0  stm32f1xx_hal_dma.o(i.DMA_SetConfig)
    DMA_SetConfig                            0x08000d11   Thumb Code    30  stm32f1xx_hal_dma.o(i.DMA_SetConfig)
    i.DebugMon_Handler                       0x08000d2e   Section        0  stm32f1xx_it.o(i.DebugMon_Handler)
    i.GMTconvert                             0x08000d30   Section        0  nema_decode_test.o(i.GMTconvert)
    i.GPS_USART_Init                         0x08000e4c   Section        0  bsp_gps_usartx.o(i.GPS_USART_Init)
    i.HAL_DMA_IRQHandler                     0x08000ec8   Section        0  stm32f1xx_hal_dma.o(i.HAL_DMA_IRQHandler)
    i.HAL_DMA_Init                           0x08001134   Section        0  stm32f1xx_hal_dma.o(i.HAL_DMA_Init)
    i.HAL_DMA_Start_IT                       0x08001184   Section        0  stm32f1xx_hal_dma.o(i.HAL_DMA_Start_IT)
    i.HAL_Delay                              0x080011dc   Section        0  stm32f1xx_hal.o(i.HAL_Delay)
    i.HAL_GPIO_Init                          0x080011f4   Section        0  stm32f1xx_hal_gpio.o(i.HAL_GPIO_Init)
    i.HAL_GetTick                            0x080013b0   Section        0  stm32f1xx_hal.o(i.HAL_GetTick)
    i.HAL_I2C_Init                           0x080013bc   Section        0  stm32f1xx_hal_i2c.o(i.HAL_I2C_Init)
    i.HAL_I2C_IsDeviceReady                  0x0800149c   Section        0  stm32f1xx_hal_i2c.o(i.HAL_I2C_IsDeviceReady)
    i.HAL_I2C_Master_Transmit                0x080015e0   Section        0  stm32f1xx_hal_i2c.o(i.HAL_I2C_Master_Transmit)
    i.HAL_I2C_MspInit                        0x0800170c   Section        0  i2c.o(i.HAL_I2C_MspInit)
    i.HAL_IncTick                            0x08001750   Section        0  stm32f1xx_hal.o(i.HAL_IncTick)
    i.HAL_Init                               0x08001760   Section        0  stm32f1xx_hal.o(i.HAL_Init)
    i.HAL_InitTick                           0x08001784   Section        0  stm32f1xx_hal.o(i.HAL_InitTick)
    i.HAL_MspInit                            0x080017a8   Section        0  stm32f1xx_hal_msp.o(i.HAL_MspInit)
    i.HAL_NVIC_EnableIRQ                     0x08001804   Section        0  stm32f1xx_hal_cortex.o(i.HAL_NVIC_EnableIRQ)
    i.HAL_NVIC_SetPriority                   0x0800181c   Section        0  stm32f1xx_hal_cortex.o(i.HAL_NVIC_SetPriority)
    i.HAL_NVIC_SetPriorityGrouping           0x0800185c   Section        0  stm32f1xx_hal_cortex.o(i.HAL_NVIC_SetPriorityGrouping)
    i.HAL_RCC_ClockConfig                    0x08001880   Section        0  stm32f1xx_hal_rcc.o(i.HAL_RCC_ClockConfig)
    i.HAL_RCC_GetHCLKFreq                    0x08001b08   Section        0  stm32f1xx_hal_rcc.o(i.HAL_RCC_GetHCLKFreq)
    i.HAL_RCC_GetPCLK1Freq                   0x08001b3c   Section        0  stm32f1xx_hal_rcc.o(i.HAL_RCC_GetPCLK1Freq)
    i.HAL_RCC_GetPCLK2Freq                   0x08001b68   Section        0  stm32f1xx_hal_rcc.o(i.HAL_RCC_GetPCLK2Freq)
    i.HAL_RCC_GetSysClockFreq                0x08001b94   Section        0  stm32f1xx_hal_rcc.o(i.HAL_RCC_GetSysClockFreq)
    i.HAL_RCC_OscConfig                      0x08001c1c   Section        0  stm32f1xx_hal_rcc.o(i.HAL_RCC_OscConfig)
    i.HAL_SYSTICK_CLKSourceConfig            0x0800224e   Section        0  stm32f1xx_hal_cortex.o(i.HAL_SYSTICK_CLKSourceConfig)
    i.HAL_SYSTICK_Callback                   0x08002266   Section        0  stm32f1xx_hal_cortex.o(i.HAL_SYSTICK_Callback)
    i.HAL_SYSTICK_Config                     0x08002268   Section        0  stm32f1xx_hal_cortex.o(i.HAL_SYSTICK_Config)
    i.HAL_SYSTICK_IRQHandler                 0x08002290   Section        0  stm32f1xx_hal_cortex.o(i.HAL_SYSTICK_IRQHandler)
    i.HAL_UART_ErrorCallback                 0x08002298   Section        0  stm32f1xx_hal_uart.o(i.HAL_UART_ErrorCallback)
    i.HAL_UART_Init                          0x0800229a   Section        0  stm32f1xx_hal_uart.o(i.HAL_UART_Init)
    i.HAL_UART_MspInit                       0x080022f8   Section        0  bsp_debug_usart.o(i.HAL_UART_MspInit)
    i.HAL_UART_Receive_DMA                   0x08002350   Section        0  stm32f1xx_hal_uart.o(i.HAL_UART_Receive_DMA)
    i.HAL_UART_RxCpltCallback                0x080023d8   Section        0  nema_decode_test.o(i.HAL_UART_RxCpltCallback)
    i.HAL_UART_RxHalfCpltCallback            0x080023e4   Section        0  nema_decode_test.o(i.HAL_UART_RxHalfCpltCallback)
    i.HAL_UART_Transmit                      0x080023f0   Section        0  stm32f1xx_hal_uart.o(i.HAL_UART_Transmit)
    i.HardFault_Handler                      0x080024bc   Section        0  stm32f1xx_it.o(i.HardFault_Handler)
    i.I2C_IsAcknowledgeFailed                0x080024be   Section        0  stm32f1xx_hal_i2c.o(i.I2C_IsAcknowledgeFailed)
    I2C_IsAcknowledgeFailed                  0x080024bf   Thumb Code    42  stm32f1xx_hal_i2c.o(i.I2C_IsAcknowledgeFailed)
    i.I2C_MasterRequestWrite                 0x080024e8   Section        0  stm32f1xx_hal_i2c.o(i.I2C_MasterRequestWrite)
    I2C_MasterRequestWrite                   0x080024e9   Thumb Code   112  stm32f1xx_hal_i2c.o(i.I2C_MasterRequestWrite)
    i.I2C_WaitOnFlagUntilTimeout             0x0800255c   Section        0  stm32f1xx_hal_i2c.o(i.I2C_WaitOnFlagUntilTimeout)
    I2C_WaitOnFlagUntilTimeout               0x0800255d   Thumb Code   138  stm32f1xx_hal_i2c.o(i.I2C_WaitOnFlagUntilTimeout)
    i.I2C_WaitOnMasterAddressFlagUntilTimeout 0x080025e6   Section        0  stm32f1xx_hal_i2c.o(i.I2C_WaitOnMasterAddressFlagUntilTimeout)
    I2C_WaitOnMasterAddressFlagUntilTimeout  0x080025e7   Thumb Code   136  stm32f1xx_hal_i2c.o(i.I2C_WaitOnMasterAddressFlagUntilTimeout)
    i.I2C_WaitOnTXEFlagUntilTimeout          0x0800266e   Section        0  stm32f1xx_hal_i2c.o(i.I2C_WaitOnTXEFlagUntilTimeout)
    I2C_WaitOnTXEFlagUntilTimeout            0x0800266f   Thumb Code    80  stm32f1xx_hal_i2c.o(i.I2C_WaitOnTXEFlagUntilTimeout)
    i.IsLeapYear                             0x080026be   Section        0  nema_decode_test.o(i.IsLeapYear)
    IsLeapYear                               0x080026bf   Thumb Code    44  nema_decode_test.o(i.IsLeapYear)
    i.MX_DEBUG_USART_Init                    0x080026ec   Section        0  bsp_debug_usart.o(i.MX_DEBUG_USART_Init)
    i.MX_GPIO_Init                           0x08002730   Section        0  gpio.o(i.MX_GPIO_Init)
    i.MX_I2C1_Init                           0x0800276c   Section        0  i2c.o(i.MX_I2C1_Init)
    i.MX_USARTx_Init                         0x0800279c   Section        0  bsp_gps_usartx.o(i.MX_USARTx_Init)
    i.MemManage_Handler                      0x08002804   Section        0  stm32f1xx_it.o(i.MemManage_Handler)
    i.NMI_Handler                            0x08002806   Section        0  stm32f1xx_it.o(i.NMI_Handler)
    i.NVIC_SetPriority                       0x08002808   Section        0  stm32f1xx_hal_cortex.o(i.NVIC_SetPriority)
    NVIC_SetPriority                         0x08002809   Thumb Code    32  stm32f1xx_hal_cortex.o(i.NVIC_SetPriority)
    i.SSD1306_DrawPixel                      0x08002828   Section        0  ssd1306.o(i.SSD1306_DrawPixel)
    i.SSD1306_Fill                           0x0800286c   Section        0  ssd1306.o(i.SSD1306_Fill)
    i.SSD1306_GotoXY                         0x08002884   Section        0  ssd1306.o(i.SSD1306_GotoXY)
    i.SSD1306_Init                           0x08002890   Section        0  ssd1306.o(i.SSD1306_Init)
    i.SSD1306_Putc                           0x080029ec   Section        0  ssd1306.o(i.SSD1306_Putc)
    i.SSD1306_Puts                           0x08002a8c   Section        0  ssd1306.o(i.SSD1306_Puts)
    i.SSD1306_UpdateScreen                   0x08002ab4   Section        0  ssd1306.o(i.SSD1306_UpdateScreen)
    i.SysTick_Handler                        0x08002b00   Section        0  stm32f1xx_it.o(i.SysTick_Handler)
    i.SystemClock_Config                     0x08002b0e   Section        0  main.o(i.SystemClock_Config)
    i.SystemInit                             0x08002b6c   Section        0  system_stm32f1xx.o(i.SystemInit)
    i.UART_DMAError                          0x08002bb4   Section        0  stm32f1xx_hal_uart.o(i.UART_DMAError)
    UART_DMAError                            0x08002bb5   Thumb Code    30  stm32f1xx_hal_uart.o(i.UART_DMAError)
    i.UART_DMAReceiveCplt                    0x08002bd4   Section        0  stm32f1xx_hal_uart.o(i.UART_DMAReceiveCplt)
    UART_DMAReceiveCplt                      0x08002bd5   Thumb Code    54  stm32f1xx_hal_uart.o(i.UART_DMAReceiveCplt)
    i.UART_DMARxHalfCplt                     0x08002c0a   Section        0  stm32f1xx_hal_uart.o(i.UART_DMARxHalfCplt)
    UART_DMARxHalfCplt                       0x08002c0b   Thumb Code    10  stm32f1xx_hal_uart.o(i.UART_DMARxHalfCplt)
    i.UART_SetConfig                         0x08002c14   Section        0  stm32f1xx_hal_uart.o(i.UART_SetConfig)
    UART_SetConfig                           0x08002c15   Thumb Code   220  stm32f1xx_hal_uart.o(i.UART_SetConfig)
    i.UART_WaitOnFlagUntilTimeout            0x08002cf4   Section        0  stm32f1xx_hal_uart.o(i.UART_WaitOnFlagUntilTimeout)
    UART_WaitOnFlagUntilTimeout              0x08002cf5   Thumb Code   146  stm32f1xx_hal_uart.o(i.UART_WaitOnFlagUntilTimeout)
    i.UsageFault_Handler                     0x08002d86   Section        0  stm32f1xx_it.o(i.UsageFault_Handler)
    i.__0printf                              0x08002d88   Section        0  printfa.o(i.__0printf)
    i.__0sprintf                             0x08002da8   Section        0  printfa.o(i.__0sprintf)
    i.__0vsnprintf                           0x08002dd0   Section        0  printfa.o(i.__0vsnprintf)
    i.__aeabi_errno_addr                     0x08002df4   Section        0  errno.o(i.__aeabi_errno_addr)
    i.__scatterload_copy                     0x08002dfc   Section       14  handlers.o(i.__scatterload_copy)
    i.__scatterload_null                     0x08002e0a   Section        2  handlers.o(i.__scatterload_null)
    i.__scatterload_zeroinit                 0x08002e0c   Section       14  handlers.o(i.__scatterload_zeroinit)
    i._fp_digits                             0x08002e1c   Section        0  printfa.o(i._fp_digits)
    _fp_digits                               0x08002e1d   Thumb Code   334  printfa.o(i._fp_digits)
    i._is_digit                              0x08002f80   Section        0  scanf_fp.o(i._is_digit)
    i._nmea_parse_time                       0x08002f90   Section        0  parse.o(i._nmea_parse_time)
    i._printf_core                           0x08003020   Section        0  printfa.o(i._printf_core)
    _printf_core                             0x08003021   Thumb Code  1744  printfa.o(i._printf_core)
    i._printf_post_padding                   0x080036fc   Section        0  printfa.o(i._printf_post_padding)
    _printf_post_padding                     0x080036fd   Thumb Code    36  printfa.o(i._printf_post_padding)
    i._printf_pre_padding                    0x08003720   Section        0  printfa.o(i._printf_pre_padding)
    _printf_pre_padding                      0x08003721   Thumb Code    46  printfa.o(i._printf_pre_padding)
    i._snputc                                0x0800374e   Section        0  printfa.o(i._snputc)
    _snputc                                  0x0800374f   Thumb Code    22  printfa.o(i._snputc)
    i._sputc                                 0x08003764   Section        0  printfa.o(i._sputc)
    _sputc                                   0x08003765   Thumb Code    10  printfa.o(i._sputc)
    i.error                                  0x0800376e   Section        0  nema_decode_test.o(i.error)
    i.fputc                                  0x08003770   Section        0  bsp_debug_usart.o(i.fputc)
    i.free                                   0x08003788   Section        0  malloc.o(i.free)
    i.main                                   0x080037d8   Section        0  main.o(i.main)
    i.malloc                                 0x08003824   Section        0  malloc.o(i.malloc)
    i.nmea_GPGGA2info                        0x08003890   Section        0  parse.o(i.nmea_GPGGA2info)
    i.nmea_GPGSA2info                        0x080038e6   Section        0  parse.o(i.nmea_GPGSA2info)
    i.nmea_GPGSV2info                        0x08003946   Section        0  parse.o(i.nmea_GPGSV2info)
    i.nmea_GPRMC2info                        0x080039b4   Section        0  parse.o(i.nmea_GPRMC2info)
    i.nmea_GPVTG2info                        0x08003a3c   Section        0  parse.o(i.nmea_GPVTG2info)
    i.nmea_atof                              0x08003a5e   Section        0  tok.o(i.nmea_atof)
    i.nmea_atoi                              0x08003a8a   Section        0  tok.o(i.nmea_atoi)
    i.nmea_decode_test                       0x08003ab8   Section        0  nema_decode_test.o(i.nmea_decode_test)
    i.nmea_error                             0x08003b68   Section        0  context.o(i.nmea_error)
    i.nmea_find_tail                         0x08003ba0   Section        0  parse.o(i.nmea_find_tail)
    i.nmea_pack_type                         0x08003c1c   Section        0  parse.o(i.nmea_pack_type)
    i.nmea_parse                             0x08003c7c   Section        0  parser.o(i.nmea_parse)
    i.nmea_parse_GPGGA                       0x08003cf0   Section        0  parse.o(i.nmea_parse_GPGGA)
    i.nmea_parse_GPGSA                       0x08003ddc   Section        0  parse.o(i.nmea_parse_GPGSA)
    i.nmea_parse_GPGSV                       0x08003ea8   Section        0  parse.o(i.nmea_parse_GPGSV)
    i.nmea_parse_GPRMC                       0x08003f64   Section        0  parse.o(i.nmea_parse_GPRMC)
    i.nmea_parse_GPVTG                       0x08004060   Section        0  parse.o(i.nmea_parse_GPVTG)
    i.nmea_parser_init                       0x08004134   Section        0  parser.o(i.nmea_parser_init)
    i.nmea_parser_pop                        0x08004184   Section        0  parser.o(i.nmea_parser_pop)
    i.nmea_parser_push                       0x080041a6   Section        0  parser.o(i.nmea_parser_push)
    i.nmea_parser_real_push                  0x080041d0   Section        0  parser.o(i.nmea_parser_real_push)
    i.nmea_property                          0x0800437c   Section        0  context.o(i.nmea_property)
    i.nmea_scanf                             0x08004384   Section        0  tok.o(i.nmea_scanf)
    i.nmea_time_now                          0x0800451c   Section        0  time.o(i.nmea_time_now)
    i.nmea_trace_buff                        0x08004534   Section        0  context.o(i.nmea_trace_buff)
    i.nmea_zero_INFO                         0x08004548   Section        0  info.o(i.nmea_zero_INFO)
    i.ssd1306_I2C_Init                       0x08004564   Section        0  ssd1306.o(i.ssd1306_I2C_Init)
    i.ssd1306_I2C_Write                      0x08004570   Section        0  ssd1306.o(i.ssd1306_I2C_Write)
    i.ssd1306_I2C_WriteMulti                 0x08004590   Section        0  ssd1306.o(i.ssd1306_I2C_WriteMulti)
    i.strtod                                 0x080045d8   Section        0  strtod.o(i.strtod)
    i.trace                                  0x080045f4   Section        0  nema_decode_test.o(i.trace)
    .constdata                               0x080045f6   Section       16  stm32f1xx_hal_rcc.o(.constdata)
    .constdata                               0x08004606   Section     1900  fonts.o(.constdata)
    .constdata                               0x08004d72   Section      129  ctype_o.o(.constdata)
    .constdata                               0x08004df4   Section        4  ctype_o.o(.constdata)
    table                                    0x08004df4   Data           4  ctype_o.o(.constdata)
    .conststring                             0x08004df8   Section      106  parse.o(.conststring)
    .data                                    0x20000000   Section        4  system_stm32f1xx.o(.data)
    .data                                    0x20000004   Section        4  stm32f1xx_hal.o(.data)
    uwTick                                   0x20000004   Data           4  stm32f1xx_hal.o(.data)
    .data                                    0x20000008   Section        2  nema_decode_test.o(.data)
    .data                                    0x2000000c   Section        8  fonts.o(.data)
    .data                                    0x20000014   Section        6  ssd1306.o(.data)
    SSD1306                                  0x20000014   Data           6  ssd1306.o(.data)
    .data                                    0x2000001c   Section       12  context.o(.data)
    prop                                     0x2000001c   Data          12  context.o(.data)
    .data                                    0x20000028   Section       20  parse.o(.data)
    pheads                                   0x20000028   Data          20  parse.o(.data)
    .data                                    0x2000003c   Section        4  stdout.o(.data)
    .data                                    0x20000040   Section        4  mvars.o(.data)
    .data                                    0x20000044   Section        4  mvars.o(.data)
    .data                                    0x20000048   Section        4  errno.o(.data)
    _errno                                   0x20000048   Data           4  errno.o(.data)
    .bss                                     0x2000004c   Section      512  nema_decode_test.o(.bss)
    .bss                                     0x2000024c   Section       60  i2c.o(.bss)
    .bss                                     0x20000288   Section     1056  ssd1306.o(.bss)
    SSD1306_Buffer                           0x20000288   Data        1056  ssd1306.o(.bss)
    .bss                                     0x200006a8   Section       64  bsp_debug_usart.o(.bss)
    .bss                                     0x200006e8   Section      120  bsp_gps_usartx.o(.bss)
    HEAP                                     0x20000760   Section     4096  startup_stm32f103xb.o(HEAP)
    STACK                                    0x20001760   Section     4096  startup_stm32f103xb.o(STACK)

    Global Symbols

    Symbol Name                              Value     Ov Type        Size  Object(Section)

    BuildAttributes$$THM_ISAv4$P$D$K$B$S$PE$A:L22UL41UL21$X:L11$S22US41US21$IEEE1$IW$USESV6$~STKCKD$USESV7$~SHL$OTIME$ROPI$IEEEX$EBA8$MICROLIB$REQ8$PRES8$EABIv2 0x00000000   Number         0  anon$$obj.o ABSOLUTE
    __ARM_use_no_argv                        0x00000000   Number         0  main.o ABSOLUTE
    _printf_a                                0x00000000   Number         0  stubs.o ABSOLUTE
    _printf_c                                0x00000000   Number         0  stubs.o ABSOLUTE
    _printf_charcount                        0x00000000   Number         0  stubs.o ABSOLUTE
    _printf_d                                0x00000000   Number         0  stubs.o ABSOLUTE
    _printf_e                                0x00000000   Number         0  stubs.o ABSOLUTE
    _printf_f                                0x00000000   Number         0  stubs.o ABSOLUTE
    _printf_flags                            0x00000000   Number         0  stubs.o ABSOLUTE
    _printf_fp_dec                           0x00000000   Number         0  stubs.o ABSOLUTE
    _printf_fp_hex                           0x00000000   Number         0  stubs.o ABSOLUTE
    _printf_g                                0x00000000   Number         0  stubs.o ABSOLUTE
    _printf_i                                0x00000000   Number         0  stubs.o ABSOLUTE
    _printf_int_dec                          0x00000000   Number         0  stubs.o ABSOLUTE
    _printf_l                                0x00000000   Number         0  stubs.o ABSOLUTE
    _printf_lc                               0x00000000   Number         0  stubs.o ABSOLUTE
    _printf_ll                               0x00000000   Number         0  stubs.o ABSOLUTE
    _printf_lld                              0x00000000   Number         0  stubs.o ABSOLUTE
    _printf_lli                              0x00000000   Number         0  stubs.o ABSOLUTE
    _printf_llo                              0x00000000   Number         0  stubs.o ABSOLUTE
    _printf_llu                              0x00000000   Number         0  stubs.o ABSOLUTE
    _printf_llx                              0x00000000   Number         0  stubs.o ABSOLUTE
    _printf_longlong_dec                     0x00000000   Number         0  stubs.o ABSOLUTE
    _printf_longlong_hex                     0x00000000   Number         0  stubs.o ABSOLUTE
    _printf_longlong_oct                     0x00000000   Number         0  stubs.o ABSOLUTE
    _printf_ls                               0x00000000   Number         0  stubs.o ABSOLUTE
    _printf_mbtowc                           0x00000000   Number         0  stubs.o ABSOLUTE
    _printf_n                                0x00000000   Number         0  stubs.o ABSOLUTE
    _printf_o                                0x00000000   Number         0  stubs.o ABSOLUTE
    _printf_p                                0x00000000   Number         0  stubs.o ABSOLUTE
    _printf_percent                          0x00000000   Number         0  stubs.o ABSOLUTE
    _printf_pre_padding                      0x00000000   Number         0  stubs.o ABSOLUTE
    _printf_return_value                     0x00000000   Number         0  stubs.o ABSOLUTE
    _printf_s                                0x00000000   Number         0  stubs.o ABSOLUTE
    _printf_sizespec                         0x00000000   Number         0  stubs.o ABSOLUTE
    _printf_str                              0x00000000   Number         0  stubs.o ABSOLUTE
    _printf_truncate_signed                  0x00000000   Number         0  stubs.o ABSOLUTE
    _printf_truncate_unsigned                0x00000000   Number         0  stubs.o ABSOLUTE
    _printf_u                                0x00000000   Number         0  stubs.o ABSOLUTE
    _printf_wc                               0x00000000   Number         0  stubs.o ABSOLUTE
    _printf_wctomb                           0x00000000   Number         0  stubs.o ABSOLUTE
    _printf_widthprec                        0x00000000   Number         0  stubs.o ABSOLUTE
    _printf_x                                0x00000000   Number         0  stubs.o ABSOLUTE
    __cpp_initialize__aeabi_                  - Undefined Weak Reference
    __cxa_finalize                            - Undefined Weak Reference
    __decompress                              - Undefined Weak Reference
    _clock_init                               - Undefined Weak Reference
    _microlib_exit                            - Undefined Weak Reference
    __Vectors_Size                           0x000000ec   Number         0  startup_stm32f103xb.o ABSOLUTE
    __Vectors                                0x08000000   Data           4  startup_stm32f103xb.o(RESET)
    __Vectors_End                            0x080000ec   Data           0  startup_stm32f103xb.o(RESET)
    __main                                   0x080000ed   Thumb Code     0  entry.o(.ARM.Collect$$$$00000000)
    _main_stk                                0x080000ed   Thumb Code     0  entry2.o(.ARM.Collect$$$$00000001)
    _main_scatterload                        0x080000f1   Thumb Code     0  entry5.o(.ARM.Collect$$$$00000004)
    __main_after_scatterload                 0x080000f5   Thumb Code     0  entry5.o(.ARM.Collect$$$$00000004)
    _main_clock                              0x080000f5   Thumb Code     0  entry7b.o(.ARM.Collect$$$$00000008)
    _main_cpp_init                           0x080000f5   Thumb Code     0  entry8b.o(.ARM.Collect$$$$0000000A)
    _main_init                               0x080000f5   Thumb Code     0  entry9a.o(.ARM.Collect$$$$0000000B)
    __rt_final_cpp                           0x080000fd   Thumb Code     0  entry10a.o(.ARM.Collect$$$$0000000D)
    __rt_final_exit                          0x080000fd   Thumb Code     0  entry11a.o(.ARM.Collect$$$$0000000F)
    Reset_Handler                            0x08000101   Thumb Code     8  startup_stm32f103xb.o(.text)
    SVC_Handler                              0x08000113   Thumb Code     2  startup_stm32f103xb.o(.text)
    PendSV_Handler                           0x08000117   Thumb Code     2  startup_stm32f103xb.o(.text)
    ADC1_2_IRQHandler                        0x0800011b   Thumb Code     0  startup_stm32f103xb.o(.text)
    CAN1_RX1_IRQHandler                      0x0800011b   Thumb Code     0  startup_stm32f103xb.o(.text)
    CAN1_SCE_IRQHandler                      0x0800011b   Thumb Code     0  startup_stm32f103xb.o(.text)
    DMA1_Channel1_IRQHandler                 0x0800011b   Thumb Code     0  startup_stm32f103xb.o(.text)
    DMA1_Channel2_IRQHandler                 0x0800011b   Thumb Code     0  startup_stm32f103xb.o(.text)
    DMA1_Channel3_IRQHandler                 0x0800011b   Thumb Code     0  startup_stm32f103xb.o(.text)
    DMA1_Channel4_IRQHandler                 0x0800011b   Thumb Code     0  startup_stm32f103xb.o(.text)
    DMA1_Channel5_IRQHandler                 0x0800011b   Thumb Code     0  startup_stm32f103xb.o(.text)
    DMA1_Channel7_IRQHandler                 0x0800011b   Thumb Code     0  startup_stm32f103xb.o(.text)
    EXTI0_IRQHandler                         0x0800011b   Thumb Code     0  startup_stm32f103xb.o(.text)
    EXTI15_10_IRQHandler                     0x0800011b   Thumb Code     0  startup_stm32f103xb.o(.text)
    EXTI1_IRQHandler                         0x0800011b   Thumb Code     0  startup_stm32f103xb.o(.text)
    EXTI2_IRQHandler                         0x0800011b   Thumb Code     0  startup_stm32f103xb.o(.text)
    EXTI3_IRQHandler                         0x0800011b   Thumb Code     0  startup_stm32f103xb.o(.text)
    EXTI4_IRQHandler                         0x0800011b   Thumb Code     0  startup_stm32f103xb.o(.text)
    EXTI9_5_IRQHandler                       0x0800011b   Thumb Code     0  startup_stm32f103xb.o(.text)
    FLASH_IRQHandler                         0x0800011b   Thumb Code     0  startup_stm32f103xb.o(.text)
    I2C1_ER_IRQHandler                       0x0800011b   Thumb Code     0  startup_stm32f103xb.o(.text)
    I2C1_EV_IRQHandler                       0x0800011b   Thumb Code     0  startup_stm32f103xb.o(.text)
    I2C2_ER_IRQHandler                       0x0800011b   Thumb Code     0  startup_stm32f103xb.o(.text)
    I2C2_EV_IRQHandler                       0x0800011b   Thumb Code     0  startup_stm32f103xb.o(.text)
    PVD_IRQHandler                           0x0800011b   Thumb Code     0  startup_stm32f103xb.o(.text)
    RCC_IRQHandler                           0x0800011b   Thumb Code     0  startup_stm32f103xb.o(.text)
    RTC_Alarm_IRQHandler                     0x0800011b   Thumb Code     0  startup_stm32f103xb.o(.text)
    RTC_IRQHandler                           0x0800011b   Thumb Code     0  startup_stm32f103xb.o(.text)
    SPI1_IRQHandler                          0x0800011b   Thumb Code     0  startup_stm32f103xb.o(.text)
    SPI2_IRQHandler                          0x0800011b   Thumb Code     0  startup_stm32f103xb.o(.text)
    TAMPER_IRQHandler                        0x0800011b   Thumb Code     0  startup_stm32f103xb.o(.text)
    TIM1_BRK_IRQHandler                      0x0800011b   Thumb Code     0  startup_stm32f103xb.o(.text)
    TIM1_CC_IRQHandler                       0x0800011b   Thumb Code     0  startup_stm32f103xb.o(.text)
    TIM1_TRG_COM_IRQHandler                  0x0800011b   Thumb Code     0  startup_stm32f103xb.o(.text)
    TIM1_UP_IRQHandler                       0x0800011b   Thumb Code     0  startup_stm32f103xb.o(.text)
    TIM2_IRQHandler                          0x0800011b   Thumb Code     0  startup_stm32f103xb.o(.text)
    TIM3_IRQHandler                          0x0800011b   Thumb Code     0  startup_stm32f103xb.o(.text)
    TIM4_IRQHandler                          0x0800011b   Thumb Code     0  startup_stm32f103xb.o(.text)
    USART1_IRQHandler                        0x0800011b   Thumb Code     0  startup_stm32f103xb.o(.text)
    USART2_IRQHandler                        0x0800011b   Thumb Code     0  startup_stm32f103xb.o(.text)
    USART3_IRQHandler                        0x0800011b   Thumb Code     0  startup_stm32f103xb.o(.text)
    USBWakeUp_IRQHandler                     0x0800011b   Thumb Code     0  startup_stm32f103xb.o(.text)
    USB_HP_CAN1_TX_IRQHandler                0x0800011b   Thumb Code     0  startup_stm32f103xb.o(.text)
    USB_LP_CAN1_RX0_IRQHandler               0x0800011b   Thumb Code     0  startup_stm32f103xb.o(.text)
    WWDG_IRQHandler                          0x0800011b   Thumb Code     0  startup_stm32f103xb.o(.text)
    __aeabi_llsr                             0x08000125   Thumb Code    32  llushr.o(.text)
    _ll_ushift_r                             0x08000125   Thumb Code     0  llushr.o(.text)
    __rt_ctype_table                         0x08000145   Thumb Code     4  ctype_o.o(.text)
    isspace                                  0x0800014d   Thumb Code    18  isspace_o.o(.text)
    __aeabi_memcpy                           0x0800015f   Thumb Code    36  memcpya.o(.text)
    __aeabi_memcpy4                          0x0800015f   Thumb Code     0  memcpya.o(.text)
    __aeabi_memcpy8                          0x0800015f   Thumb Code     0  memcpya.o(.text)
    __aeabi_memset                           0x08000183   Thumb Code    14  memseta.o(.text)
    __aeabi_memset4                          0x08000183   Thumb Code     0  memseta.o(.text)
    __aeabi_memset8                          0x08000183   Thumb Code     0  memseta.o(.text)
    __aeabi_memclr                           0x08000191   Thumb Code     4  memseta.o(.text)
    __aeabi_memclr4                          0x08000191   Thumb Code     0  memseta.o(.text)
    __aeabi_memclr8                          0x08000191   Thumb Code     0  memseta.o(.text)
    _memset$wrapper                          0x08000195   Thumb Code    18  memseta.o(.text)
    strlen                                   0x080001a7   Thumb Code    14  strlen.o(.text)
    memchr                                   0x080001b5   Thumb Code    20  memchr.o(.text)
    memcmp                                   0x080001c9   Thumb Code    26  memcmp.o(.text)
    strtol                                   0x080001e3   Thumb Code   112  strtol.o(.text)
    __aeabi_dadd                             0x08000253   Thumb Code   322  dadd.o(.text)
    __aeabi_dsub                             0x08000395   Thumb Code     6  dadd.o(.text)
    __aeabi_drsub                            0x0800039b   Thumb Code     6  dadd.o(.text)
    __aeabi_dmul                             0x080003a1   Thumb Code   228  dmul.o(.text)
    __aeabi_ddiv                             0x08000485   Thumb Code   222  ddiv.o(.text)
    __aeabi_cdrcmple                         0x08000565   Thumb Code    48  cdrcmple.o(.text)
    __aeabi_uidiv                            0x08000595   Thumb Code     0  uidiv.o(.text)
    __aeabi_uidivmod                         0x08000595   Thumb Code    44  uidiv.o(.text)
    __aeabi_uldivmod                         0x080005c1   Thumb Code    98  uldiv.o(.text)
    __aeabi_llsl                             0x08000623   Thumb Code    30  llshl.o(.text)
    _ll_shift_l                              0x08000623   Thumb Code     0  llshl.o(.text)
    __aeabi_lasr                             0x08000641   Thumb Code    36  llsshr.o(.text)
    _ll_sshift_r                             0x08000641   Thumb Code     0  llsshr.o(.text)
    _strtoul                                 0x08000665   Thumb Code   158  _strtoul.o(.text)
    __strtod_int                             0x0800073b   Thumb Code    88  strtod.o(.text)
    __I$use$fp                               0x080007a1   Thumb Code     0  iusefp.o(.text)
    _double_round                            0x080007a1   Thumb Code    30  depilogue.o(.text)
    _double_epilogue                         0x080007bf   Thumb Code   156  depilogue.o(.text)
    __aeabi_d2ulz                            0x0800085b   Thumb Code    48  dfixul.o(.text)
    __scatterload                            0x0800088d   Thumb Code    28  init.o(.text)
    __scatterload_rt2                        0x0800088d   Thumb Code     0  init.o(.text)
    _chval                                   0x080008b1   Thumb Code    28  _chval.o(.text)
    _scanf_real                              0x080009cd   Thumb Code     0  scanf_fp.o(.text)
    _scanf_really_real                       0x080009cd   Thumb Code   556  scanf_fp.o(.text)
    _sgetc                                   0x08000c05   Thumb Code    30  _sgetc.o(.text)
    _sbackspace                              0x08000c23   Thumb Code    34  _sgetc.o(.text)
    __aeabi_ul2d                             0x08000c45   Thumb Code    24  dfltul.o(.text)
    __aeabi_d2f                              0x08000c5d   Thumb Code    56  d2f.o(.text)
    _float_round                             0x08000c95   Thumb Code    18  fepilogue.o(.text)
    _float_epilogue                          0x08000ca7   Thumb Code    92  fepilogue.o(.text)
    BusFault_Handler                         0x08000d03   Thumb Code     2  stm32f1xx_it.o(i.BusFault_Handler)
    DMA1_Channel6_IRQHandler                 0x08000d05   Thumb Code     6  stm32f1xx_it.o(i.DMA1_Channel6_IRQHandler)
    DebugMon_Handler                         0x08000d2f   Thumb Code     2  stm32f1xx_it.o(i.DebugMon_Handler)
    GMTconvert                               0x08000d31   Thumb Code   282  nema_decode_test.o(i.GMTconvert)
    GPS_USART_Init                           0x08000e4d   Thumb Code   106  bsp_gps_usartx.o(i.GPS_USART_Init)
    HAL_DMA_IRQHandler                       0x08000ec9   Thumb Code   616  stm32f1xx_hal_dma.o(i.HAL_DMA_IRQHandler)
    HAL_DMA_Init                             0x08001135   Thumb Code    80  stm32f1xx_hal_dma.o(i.HAL_DMA_Init)
    HAL_DMA_Start_IT                         0x08001185   Thumb Code    88  stm32f1xx_hal_dma.o(i.HAL_DMA_Start_IT)
    HAL_Delay                                0x080011dd   Thumb Code    22  stm32f1xx_hal.o(i.HAL_Delay)
    HAL_GPIO_Init                            0x080011f5   Thumb Code   408  stm32f1xx_hal_gpio.o(i.HAL_GPIO_Init)
    HAL_GetTick                              0x080013b1   Thumb Code     6  stm32f1xx_hal.o(i.HAL_GetTick)
    HAL_I2C_Init                             0x080013bd   Thumb Code   216  stm32f1xx_hal_i2c.o(i.HAL_I2C_Init)
    HAL_I2C_IsDeviceReady                    0x0800149d   Thumb Code   320  stm32f1xx_hal_i2c.o(i.HAL_I2C_IsDeviceReady)
    HAL_I2C_Master_Transmit                  0x080015e1   Thumb Code   294  stm32f1xx_hal_i2c.o(i.HAL_I2C_Master_Transmit)
    HAL_I2C_MspInit                          0x0800170d   Thumb Code    54  i2c.o(i.HAL_I2C_MspInit)
    HAL_IncTick                              0x08001751   Thumb Code    10  stm32f1xx_hal.o(i.HAL_IncTick)
    HAL_Init                                 0x08001761   Thumb Code    32  stm32f1xx_hal.o(i.HAL_Init)
    HAL_InitTick                             0x08001785   Thumb Code    34  stm32f1xx_hal.o(i.HAL_InitTick)
    HAL_MspInit                              0x080017a9   Thumb Code    86  stm32f1xx_hal_msp.o(i.HAL_MspInit)
    HAL_NVIC_EnableIRQ                       0x08001805   Thumb Code    22  stm32f1xx_hal_cortex.o(i.HAL_NVIC_EnableIRQ)
    HAL_NVIC_SetPriority                     0x0800181d   Thumb Code    60  stm32f1xx_hal_cortex.o(i.HAL_NVIC_SetPriority)
    HAL_NVIC_SetPriorityGrouping             0x0800185d   Thumb Code    26  stm32f1xx_hal_cortex.o(i.HAL_NVIC_SetPriorityGrouping)
    HAL_RCC_ClockConfig                      0x08001881   Thumb Code   638  stm32f1xx_hal_rcc.o(i.HAL_RCC_ClockConfig)
    HAL_RCC_GetHCLKFreq                      0x08001b09   Thumb Code    38  stm32f1xx_hal_rcc.o(i.HAL_RCC_GetHCLKFreq)
    HAL_RCC_GetPCLK1Freq                     0x08001b3d   Thumb Code    36  stm32f1xx_hal_rcc.o(i.HAL_RCC_GetPCLK1Freq)
    HAL_RCC_GetPCLK2Freq                     0x08001b69   Thumb Code    36  stm32f1xx_hal_rcc.o(i.HAL_RCC_GetPCLK2Freq)
    HAL_RCC_GetSysClockFreq                  0x08001b95   Thumb Code   102  stm32f1xx_hal_rcc.o(i.HAL_RCC_GetSysClockFreq)
    HAL_RCC_OscConfig                        0x08001c1d   Thumb Code  1586  stm32f1xx_hal_rcc.o(i.HAL_RCC_OscConfig)
    HAL_SYSTICK_CLKSourceConfig              0x0800224f   Thumb Code    24  stm32f1xx_hal_cortex.o(i.HAL_SYSTICK_CLKSourceConfig)
    HAL_SYSTICK_Callback                     0x08002267   Thumb Code     2  stm32f1xx_hal_cortex.o(i.HAL_SYSTICK_Callback)
    HAL_SYSTICK_Config                       0x08002269   Thumb Code    40  stm32f1xx_hal_cortex.o(i.HAL_SYSTICK_Config)
    HAL_SYSTICK_IRQHandler                   0x08002291   Thumb Code     8  stm32f1xx_hal_cortex.o(i.HAL_SYSTICK_IRQHandler)
    HAL_UART_ErrorCallback                   0x08002299   Thumb Code     2  stm32f1xx_hal_uart.o(i.HAL_UART_ErrorCallback)
    HAL_UART_Init                            0x0800229b   Thumb Code    94  stm32f1xx_hal_uart.o(i.HAL_UART_Init)
    HAL_UART_MspInit                         0x080022f9   Thumb Code    76  bsp_debug_usart.o(i.HAL_UART_MspInit)
    HAL_UART_Receive_DMA                     0x08002351   Thumb Code   122  stm32f1xx_hal_uart.o(i.HAL_UART_Receive_DMA)
    HAL_UART_RxCpltCallback                  0x080023d9   Thumb Code     8  nema_decode_test.o(i.HAL_UART_RxCpltCallback)
    HAL_UART_RxHalfCpltCallback              0x080023e5   Thumb Code     8  nema_decode_test.o(i.HAL_UART_RxHalfCpltCallback)
    HAL_UART_Transmit                        0x080023f1   Thumb Code   204  stm32f1xx_hal_uart.o(i.HAL_UART_Transmit)
    HardFault_Handler                        0x080024bd   Thumb Code     2  stm32f1xx_it.o(i.HardFault_Handler)
    MX_DEBUG_USART_Init                      0x080026ed   Thumb Code    54  bsp_debug_usart.o(i.MX_DEBUG_USART_Init)
    MX_GPIO_Init                             0x08002731   Thumb Code    54  gpio.o(i.MX_GPIO_Init)
    MX_I2C1_Init                             0x0800276d   Thumb Code    34  i2c.o(i.MX_I2C1_Init)
    MX_USARTx_Init                           0x0800279d   Thumb Code    92  bsp_gps_usartx.o(i.MX_USARTx_Init)
    MemManage_Handler                        0x08002805   Thumb Code     2  stm32f1xx_it.o(i.MemManage_Handler)
    NMI_Handler                              0x08002807   Thumb Code     2  stm32f1xx_it.o(i.NMI_Handler)
    SSD1306_DrawPixel                        0x08002829   Thumb Code    58  ssd1306.o(i.SSD1306_DrawPixel)
    SSD1306_Fill                             0x0800286d   Thumb Code    18  ssd1306.o(i.SSD1306_Fill)
    SSD1306_GotoXY                           0x08002885   Thumb Code     8  ssd1306.o(i.SSD1306_GotoXY)
    SSD1306_Init                             0x08002891   Thumb Code   340  ssd1306.o(i.SSD1306_Init)
    SSD1306_Putc                             0x080029ed   Thumb Code   156  ssd1306.o(i.SSD1306_Putc)
    SSD1306_Puts                             0x08002a8d   Thumb Code    40  ssd1306.o(i.SSD1306_Puts)
    SSD1306_UpdateScreen                     0x08002ab5   Thumb Code    70  ssd1306.o(i.SSD1306_UpdateScreen)
    SysTick_Handler                          0x08002b01   Thumb Code    14  stm32f1xx_it.o(i.SysTick_Handler)
    SystemClock_Config                       0x08002b0f   Thumb Code    92  main.o(i.SystemClock_Config)
    SystemInit                               0x08002b6d   Thumb Code    56  system_stm32f1xx.o(i.SystemInit)
    UsageFault_Handler                       0x08002d87   Thumb Code     2  stm32f1xx_it.o(i.UsageFault_Handler)
    __0printf                                0x08002d89   Thumb Code    22  printfa.o(i.__0printf)
    __1printf                                0x08002d89   Thumb Code     0  printfa.o(i.__0printf)
    __2printf                                0x08002d89   Thumb Code     0  printfa.o(i.__0printf)
    __c89printf                              0x08002d89   Thumb Code     0  printfa.o(i.__0printf)
    printf                                   0x08002d89   Thumb Code     0  printfa.o(i.__0printf)
    __0sprintf                               0x08002da9   Thumb Code    34  printfa.o(i.__0sprintf)
    __1sprintf                               0x08002da9   Thumb Code     0  printfa.o(i.__0sprintf)
    __2sprintf                               0x08002da9   Thumb Code     0  printfa.o(i.__0sprintf)
    __c89sprintf                             0x08002da9   Thumb Code     0  printfa.o(i.__0sprintf)
    sprintf                                  0x08002da9   Thumb Code     0  printfa.o(i.__0sprintf)
    __0vsnprintf                             0x08002dd1   Thumb Code    32  printfa.o(i.__0vsnprintf)
    __1vsnprintf                             0x08002dd1   Thumb Code     0  printfa.o(i.__0vsnprintf)
    __2vsnprintf                             0x08002dd1   Thumb Code     0  printfa.o(i.__0vsnprintf)
    __c89vsnprintf                           0x08002dd1   Thumb Code     0  printfa.o(i.__0vsnprintf)
    vsnprintf                                0x08002dd1   Thumb Code     0  printfa.o(i.__0vsnprintf)
    __aeabi_errno_addr                       0x08002df5   Thumb Code     4  errno.o(i.__aeabi_errno_addr)
    __rt_errno_addr                          0x08002df5   Thumb Code     0  errno.o(i.__aeabi_errno_addr)
    __scatterload_copy                       0x08002dfd   Thumb Code    14  handlers.o(i.__scatterload_copy)
    __scatterload_null                       0x08002e0b   Thumb Code     2  handlers.o(i.__scatterload_null)
    __scatterload_zeroinit                   0x08002e0d   Thumb Code    14  handlers.o(i.__scatterload_zeroinit)
    _is_digit                                0x08002f81   Thumb Code    14  scanf_fp.o(i._is_digit)
    _nmea_parse_time                         0x08002f91   Thumb Code    78  parse.o(i._nmea_parse_time)
    error                                    0x0800376f   Thumb Code     2  nema_decode_test.o(i.error)
    fputc                                    0x08003771   Thumb Code    20  bsp_debug_usart.o(i.fputc)
    free                                     0x08003789   Thumb Code    76  malloc.o(i.free)
    main                                     0x080037d9   Thumb Code    40  main.o(i.main)
    malloc                                   0x08003825   Thumb Code    92  malloc.o(i.malloc)
    nmea_GPGGA2info                          0x08003891   Thumb Code    86  parse.o(i.nmea_GPGGA2info)
    nmea_GPGSA2info                          0x080038e7   Thumb Code    96  parse.o(i.nmea_GPGSA2info)
    nmea_GPGSV2info                          0x08003947   Thumb Code   110  parse.o(i.nmea_GPGSV2info)
    nmea_GPRMC2info                          0x080039b5   Thumb Code   126  parse.o(i.nmea_GPRMC2info)
    nmea_GPVTG2info                          0x08003a3d   Thumb Code    34  parse.o(i.nmea_GPVTG2info)
    nmea_atof                                0x08003a5f   Thumb Code    44  tok.o(i.nmea_atof)
    nmea_atoi                                0x08003a8b   Thumb Code    44  tok.o(i.nmea_atoi)
    nmea_decode_test                         0x08003ab9   Thumb Code   144  nema_decode_test.o(i.nmea_decode_test)
    nmea_error                               0x08003b69   Thumb Code    52  context.o(i.nmea_error)
    nmea_find_tail                           0x08003ba1   Thumb Code   122  parse.o(i.nmea_find_tail)
    nmea_pack_type                           0x08003c1d   Thumb Code    92  parse.o(i.nmea_pack_type)
    nmea_parse                               0x08003c7d   Thumb Code   114  parser.o(i.nmea_parse)
    nmea_parse_GPGGA                         0x08003cf1   Thumb Code   140  parse.o(i.nmea_parse_GPGGA)
    nmea_parse_GPGSA                         0x08003ddd   Thumb Code   124  parse.o(i.nmea_parse_GPGSA)
    nmea_parse_GPGSV                         0x08003ea9   Thumb Code   162  parse.o(i.nmea_parse_GPGSV)
    nmea_parse_GPRMC                         0x08003f65   Thumb Code   156  parse.o(i.nmea_parse_GPRMC)
    nmea_parse_GPVTG                         0x08004061   Thumb Code   124  parse.o(i.nmea_parse_GPVTG)
    nmea_parser_init                         0x08004135   Thumb Code    54  parser.o(i.nmea_parser_init)
    nmea_parser_pop                          0x08004185   Thumb Code    34  parser.o(i.nmea_parser_pop)
    nmea_parser_push                         0x080041a7   Thumb Code    42  parser.o(i.nmea_parser_push)
    nmea_parser_real_push                    0x080041d1   Thumb Code   402  parser.o(i.nmea_parser_real_push)
    nmea_property                            0x0800437d   Thumb Code     4  context.o(i.nmea_property)
    nmea_scanf                               0x08004385   Thumb Code   408  tok.o(i.nmea_scanf)
    nmea_time_now                            0x0800451d   Thumb Code    22  time.o(i.nmea_time_now)
    nmea_trace_buff                          0x08004535   Thumb Code    16  context.o(i.nmea_trace_buff)
    nmea_zero_INFO                           0x08004549   Thumb Code    28  info.o(i.nmea_zero_INFO)
    ssd1306_I2C_Init                         0x08004565   Thumb Code     8  ssd1306.o(i.ssd1306_I2C_Init)
    ssd1306_I2C_Write                        0x08004571   Thumb Code    28  ssd1306.o(i.ssd1306_I2C_Write)
    ssd1306_I2C_WriteMulti                   0x08004591   Thumb Code    68  ssd1306.o(i.ssd1306_I2C_WriteMulti)
    strtod                                   0x080045d9   Thumb Code    28  strtod.o(i.strtod)
    trace                                    0x080045f5   Thumb Code     2  nema_decode_test.o(i.trace)
    aAPBAHBPrescTable                        0x080045f6   Data          16  stm32f1xx_hal_rcc.o(.constdata)
    Font7x10                                 0x08004606   Data        1900  fonts.o(.constdata)
    __ctype_table                            0x08004d72   Data         129  ctype_o.o(.constdata)
    Region$$Table$$Base                      0x08004e64   Number         0  anon$$obj.o(Region$$Table)
    Region$$Table$$Limit                     0x08004e84   Number         0  anon$$obj.o(Region$$Table)
    SystemCoreClock                          0x20000000   Data           4  system_stm32f1xx.o(.data)
    GPS_TransferEnd                          0x20000008   Data           1  nema_decode_test.o(.data)
    GPS_HalfTransferEnd                      0x20000009   Data           1  nema_decode_test.o(.data)
    Font_7x10                                0x2000000c   Data           8  fonts.o(.data)
    __stdout                                 0x2000003c   Data           4  stdout.o(.data)
    __microlib_freelist                      0x20000040   Data           4  mvars.o(.data)
    __microlib_freelist_initialised          0x20000044   Data           4  mvars.o(.data)
    gps_rbuff                                0x2000004c   Data         512  nema_decode_test.o(.bss)
    hi2c1                                    0x2000024c   Data          60  i2c.o(.bss)
    husart_debug                             0x200006a8   Data          64  bsp_debug_usart.o(.bss)
    husartx                                  0x200006e8   Data          64  bsp_gps_usartx.o(.bss)
    hdma_usartx_rx                           0x20000728   Data          56  bsp_gps_usartx.o(.bss)
    __heap_base                              0x20000760   Data           0  startup_stm32f103xb.o(HEAP)
    __heap_limit                             0x20001760   Data           0  startup_stm32f103xb.o(HEAP)
    __initial_sp                             0x20002760   Data           0  startup_stm32f103xb.o(STACK)



==============================================================================

Memory Map of the image

  Image Entry point : 0x080000ed

  Load Region LR_IROM1 (Base: 0x08000000, Size: 0x00004ed0, Max: 0x00010000, ABSOLUTE)

    Execution Region ER_IROM1 (Base: 0x08000000, Size: 0x00004e84, Max: 0x00010000, ABSOLUTE)

    Base Addr    Size         Type   Attr      Idx    E Section Name        Object

    0x08000000   0x000000ec   Data   RO         5362    RESET               startup_stm32f103xb.o
    0x080000ec   0x00000000   Code   RO         6275  * .ARM.Collect$$$$00000000  mc_w.l(entry.o)
    0x080000ec   0x00000004   Code   RO         6669    .ARM.Collect$$$$00000001  mc_w.l(entry2.o)
    0x080000f0   0x00000004   Code   RO         6672    .ARM.Collect$$$$00000004  mc_w.l(entry5.o)
    0x080000f4   0x00000000   Code   RO         6674    .ARM.Collect$$$$00000008  mc_w.l(entry7b.o)
    0x080000f4   0x00000000   Code   RO         6676    .ARM.Collect$$$$0000000A  mc_w.l(entry8b.o)
    0x080000f4   0x00000008   Code   RO         6677    .ARM.Collect$$$$0000000B  mc_w.l(entry9a.o)
    0x080000fc   0x00000000   Code   RO         6679    .ARM.Collect$$$$0000000D  mc_w.l(entry10a.o)
    0x080000fc   0x00000000   Code   RO         6681    .ARM.Collect$$$$0000000F  mc_w.l(entry11a.o)
    0x080000fc   0x00000004   Code   RO         6670    .ARM.Collect$$$$00002712  mc_w.l(entry2.o)
    0x08000100   0x00000024   Code   RO         5363    .text               startup_stm32f103xb.o
    0x08000124   0x00000020   Code   RO         6278    .text               mc_w.l(llushr.o)
    0x08000144   0x00000008   Code   RO         6280    .text               mc_w.l(ctype_o.o)
    0x0800014c   0x00000012   Code   RO         6302    .text               mc_w.l(isspace_o.o)
    0x0800015e   0x00000024   Code   RO         6311    .text               mc_w.l(memcpya.o)
    0x08000182   0x00000024   Code   RO         6313    .text               mc_w.l(memseta.o)
    0x080001a6   0x0000000e   Code   RO         6315    .text               mc_w.l(strlen.o)
    0x080001b4   0x00000014   Code   RO         6317    .text               mc_w.l(memchr.o)
    0x080001c8   0x0000001a   Code   RO         6319    .text               mc_w.l(memcmp.o)
    0x080001e2   0x00000070   Code   RO         6612    .text               mc_w.l(strtol.o)
    0x08000252   0x0000014e   Code   RO         6614    .text               mf_w.l(dadd.o)
    0x080003a0   0x000000e4   Code   RO         6616    .text               mf_w.l(dmul.o)
    0x08000484   0x000000de   Code   RO         6618    .text               mf_w.l(ddiv.o)
    0x08000562   0x00000002   PAD
    0x08000564   0x00000030   Code   RO         6628    .text               mf_w.l(cdrcmple.o)
    0x08000594   0x0000002c   Code   RO         6684    .text               mc_w.l(uidiv.o)
    0x080005c0   0x00000062   Code   RO         6686    .text               mc_w.l(uldiv.o)
    0x08000622   0x0000001e   Code   RO         6688    .text               mc_w.l(llshl.o)
    0x08000640   0x00000024   Code   RO         6690    .text               mc_w.l(llsshr.o)
    0x08000664   0x0000009e   Code   RO         6701    .text               mc_w.l(_strtoul.o)
    0x08000702   0x00000002   PAD
    0x08000704   0x0000009c   Code   RO         6703    .text               mc_w.l(strtod.o)
    0x080007a0   0x00000000   Code   RO         6705    .text               mc_w.l(iusefp.o)
    0x080007a0   0x000000ba   Code   RO         6706    .text               mf_w.l(depilogue.o)
    0x0800085a   0x00000030   Code   RO         6710    .text               mf_w.l(dfixul.o)
    0x0800088a   0x00000002   PAD
    0x0800088c   0x00000024   Code   RO         6712    .text               mc_w.l(init.o)
    0x080008b0   0x0000001c   Code   RO         6716    .text               mc_w.l(_chval.o)
    0x080008cc   0x00000338   Code   RO         6718    .text               mc_w.l(scanf_fp.o)
    0x08000c04   0x00000040   Code   RO         6722    .text               mc_w.l(_sgetc.o)
    0x08000c44   0x00000018   Code   RO         6729    .text               mf_w.l(dfltul.o)
    0x08000c5c   0x00000038   Code   RO         6731    .text               mf_w.l(d2f.o)
    0x08000c94   0x0000006e   Code   RO         6733    .text               mf_w.l(fepilogue.o)
    0x08000d02   0x00000002   Code   RO         4894    i.BusFault_Handler  stm32f1xx_it.o
    0x08000d04   0x0000000c   Code   RO         4895    i.DMA1_Channel6_IRQHandler  stm32f1xx_it.o
    0x08000d10   0x0000001e   Code   RO          419    i.DMA_SetConfig     stm32f1xx_hal_dma.o
    0x08000d2e   0x00000002   Code   RO         4896    i.DebugMon_Handler  stm32f1xx_it.o
    0x08000d30   0x0000011a   Code   RO         5021    i.GMTconvert        nema_decode_test.o
    0x08000e4a   0x00000002   PAD
    0x08000e4c   0x0000007c   Code   RO         5457    i.GPS_USART_Init    bsp_gps_usartx.o
    0x08000ec8   0x0000026c   Code   RO          424    i.HAL_DMA_IRQHandler  stm32f1xx_hal_dma.o
    0x08001134   0x00000050   Code   RO          425    i.HAL_DMA_Init      stm32f1xx_hal_dma.o
    0x08001184   0x00000058   Code   RO          428    i.HAL_DMA_Start_IT  stm32f1xx_hal_dma.o
    0x080011dc   0x00000016   Code   RO         1728    i.HAL_Delay         stm32f1xx_hal.o
    0x080011f2   0x00000002   PAD
    0x080011f4   0x000001bc   Code   RO         1858    i.HAL_GPIO_Init     stm32f1xx_hal_gpio.o
    0x080013b0   0x0000000c   Code   RO         1732    i.HAL_GetTick       stm32f1xx_hal.o
    0x080013bc   0x000000e0   Code   RO         2969    i.HAL_I2C_Init      stm32f1xx_hal_i2c.o
    0x0800149c   0x00000144   Code   RO         2970    i.HAL_I2C_IsDeviceReady  stm32f1xx_hal_i2c.o
    0x080015e0   0x0000012c   Code   RO         2976    i.HAL_I2C_Master_Transmit  stm32f1xx_hal_i2c.o
    0x0800170c   0x00000044   Code   RO         5183    i.HAL_I2C_MspInit   i2c.o
    0x08001750   0x00000010   Code   RO         1733    i.HAL_IncTick       stm32f1xx_hal.o
    0x08001760   0x00000024   Code   RO         1734    i.HAL_Init          stm32f1xx_hal.o
    0x08001784   0x00000022   Code   RO         1735    i.HAL_InitTick      stm32f1xx_hal.o
    0x080017a6   0x00000002   PAD
    0x080017a8   0x0000005c   Code   RO         4870    i.HAL_MspInit       stm32f1xx_hal_msp.o
    0x08001804   0x00000016   Code   RO         1467    i.HAL_NVIC_EnableIRQ  stm32f1xx_hal_cortex.o
    0x0800181a   0x00000002   PAD
    0x0800181c   0x00000040   Code   RO         1473    i.HAL_NVIC_SetPriority  stm32f1xx_hal_cortex.o
    0x0800185c   0x00000024   Code   RO         1474    i.HAL_NVIC_SetPriorityGrouping  stm32f1xx_hal_cortex.o
    0x08001880   0x00000288   Code   RO         1361    i.HAL_RCC_ClockConfig  stm32f1xx_hal_rcc.o
    0x08001b08   0x00000034   Code   RO         1366    i.HAL_RCC_GetHCLKFreq  stm32f1xx_hal_rcc.o
    0x08001b3c   0x0000002c   Code   RO         1368    i.HAL_RCC_GetPCLK1Freq  stm32f1xx_hal_rcc.o
    0x08001b68   0x0000002c   Code   RO         1369    i.HAL_RCC_GetPCLK2Freq  stm32f1xx_hal_rcc.o
    0x08001b94   0x00000088   Code   RO         1370    i.HAL_RCC_GetSysClockFreq  stm32f1xx_hal_rcc.o
    0x08001c1c   0x00000632   Code   RO         1373    i.HAL_RCC_OscConfig  stm32f1xx_hal_rcc.o
    0x0800224e   0x00000018   Code   RO         1476    i.HAL_SYSTICK_CLKSourceConfig  stm32f1xx_hal_cortex.o
    0x08002266   0x00000002   Code   RO         1477    i.HAL_SYSTICK_Callback  stm32f1xx_hal_cortex.o
    0x08002268   0x00000028   Code   RO         1478    i.HAL_SYSTICK_Config  stm32f1xx_hal_cortex.o
    0x08002290   0x00000008   Code   RO         1479    i.HAL_SYSTICK_IRQHandler  stm32f1xx_hal_cortex.o
    0x08002298   0x00000002   Code   RO         1933    i.HAL_UART_ErrorCallback  stm32f1xx_hal_uart.o
    0x0800229a   0x0000005e   Code   RO         1937    i.HAL_UART_Init     stm32f1xx_hal_uart.o
    0x080022f8   0x00000058   Code   RO         5404    i.HAL_UART_MspInit  bsp_debug_usart.o
    0x08002350   0x00000088   Code   RO         1941    i.HAL_UART_Receive_DMA  stm32f1xx_hal_uart.o
    0x080023d8   0x0000000c   Code   RO         5022    i.HAL_UART_RxCpltCallback  nema_decode_test.o
    0x080023e4   0x0000000c   Code   RO         5023    i.HAL_UART_RxHalfCpltCallback  nema_decode_test.o
    0x080023f0   0x000000cc   Code   RO         1945    i.HAL_UART_Transmit  stm32f1xx_hal_uart.o
    0x080024bc   0x00000002   Code   RO         4897    i.HardFault_Handler  stm32f1xx_it.o
    0x080024be   0x0000002a   Code   RO         3004    i.I2C_IsAcknowledgeFailed  stm32f1xx_hal_i2c.o
    0x080024e8   0x00000074   Code   RO         3008    i.I2C_MasterRequestWrite  stm32f1xx_hal_i2c.o
    0x0800255c   0x0000008a   Code   RO         3011    i.I2C_WaitOnFlagUntilTimeout  stm32f1xx_hal_i2c.o
    0x080025e6   0x00000088   Code   RO         3012    i.I2C_WaitOnMasterAddressFlagUntilTimeout  stm32f1xx_hal_i2c.o
    0x0800266e   0x00000050   Code   RO         3015    i.I2C_WaitOnTXEFlagUntilTimeout  stm32f1xx_hal_i2c.o
    0x080026be   0x0000002c   Code   RO         5024    i.IsLeapYear        nema_decode_test.o
    0x080026ea   0x00000002   PAD
    0x080026ec   0x00000044   Code   RO         5405    i.MX_DEBUG_USART_Init  bsp_debug_usart.o
    0x08002730   0x0000003c   Code   RO         5158    i.MX_GPIO_Init      gpio.o
    0x0800276c   0x00000030   Code   RO         5184    i.MX_I2C1_Init      i2c.o
    0x0800279c   0x00000068   Code   RO         5458    i.MX_USARTx_Init    bsp_gps_usartx.o
    0x08002804   0x00000002   Code   RO         4898    i.MemManage_Handler  stm32f1xx_it.o
    0x08002806   0x00000002   Code   RO         4899    i.NMI_Handler       stm32f1xx_it.o
    0x08002808   0x00000020   Code   RO         1480    i.NVIC_SetPriority  stm32f1xx_hal_cortex.o
    0x08002828   0x00000044   Code   RO         5229    i.SSD1306_DrawPixel  ssd1306.o
    0x0800286c   0x00000018   Code   RO         5232    i.SSD1306_Fill      ssd1306.o
    0x08002884   0x0000000c   Code   RO         5233    i.SSD1306_GotoXY    ssd1306.o
    0x08002890   0x0000015c   Code   RO         5234    i.SSD1306_Init      ssd1306.o
    0x080029ec   0x000000a0   Code   RO         5237    i.SSD1306_Putc      ssd1306.o
    0x08002a8c   0x00000028   Code   RO         5238    i.SSD1306_Puts      ssd1306.o
    0x08002ab4   0x0000004c   Code   RO         5240    i.SSD1306_UpdateScreen  ssd1306.o
    0x08002b00   0x0000000e   Code   RO         4900    i.SysTick_Handler   stm32f1xx_it.o
    0x08002b0e   0x0000005c   Code   RO         4967    i.SystemClock_Config  main.o
    0x08002b6a   0x00000002   PAD
    0x08002b6c   0x00000048   Code   RO            5    i.SystemInit        system_stm32f1xx.o
    0x08002bb4   0x0000001e   Code   RO         1950    i.UART_DMAError     stm32f1xx_hal_uart.o
    0x08002bd2   0x00000002   PAD
    0x08002bd4   0x00000036   Code   RO         1951    i.UART_DMAReceiveCplt  stm32f1xx_hal_uart.o
    0x08002c0a   0x0000000a   Code   RO         1952    i.UART_DMARxHalfCplt  stm32f1xx_hal_uart.o
    0x08002c14   0x000000e0   Code   RO         1956    i.UART_SetConfig    stm32f1xx_hal_uart.o
    0x08002cf4   0x00000092   Code   RO         1958    i.UART_WaitOnFlagUntilTimeout  stm32f1xx_hal_uart.o
    0x08002d86   0x00000002   Code   RO         4901    i.UsageFault_Handler  stm32f1xx_it.o
    0x08002d88   0x00000020   Code   RO         6556    i.__0printf         mc_w.l(printfa.o)
    0x08002da8   0x00000028   Code   RO         6558    i.__0sprintf        mc_w.l(printfa.o)
    0x08002dd0   0x00000024   Code   RO         6561    i.__0vsnprintf      mc_w.l(printfa.o)
    0x08002df4   0x00000008   Code   RO         6694    i.__aeabi_errno_addr  mc_w.l(errno.o)
    0x08002dfc   0x0000000e   Code   RO         6737    i.__scatterload_copy  mc_w.l(handlers.o)
    0x08002e0a   0x00000002   Code   RO         6738    i.__scatterload_null  mc_w.l(handlers.o)
    0x08002e0c   0x0000000e   Code   RO         6739    i.__scatterload_zeroinit  mc_w.l(handlers.o)
    0x08002e1a   0x00000002   PAD
    0x08002e1c   0x00000164   Code   RO         6563    i._fp_digits        mc_w.l(printfa.o)
    0x08002f80   0x0000000e   Code   RO         6720    i._is_digit         mc_w.l(scanf_fp.o)
    0x08002f8e   0x00000002   PAD
    0x08002f90   0x00000090   Code   RO         5907    i._nmea_parse_time  parse.o
    0x08003020   0x000006dc   Code   RO         6564    i._printf_core      mc_w.l(printfa.o)
    0x080036fc   0x00000024   Code   RO         6565    i._printf_post_padding  mc_w.l(printfa.o)
    0x08003720   0x0000002e   Code   RO         6566    i._printf_pre_padding  mc_w.l(printfa.o)
    0x0800374e   0x00000016   Code   RO         6567    i._snputc           mc_w.l(printfa.o)
    0x08003764   0x0000000a   Code   RO         6568    i._sputc            mc_w.l(printfa.o)
    0x0800376e   0x00000002   Code   RO         5025    i.error             nema_decode_test.o
    0x08003770   0x00000018   Code   RO         5407    i.fputc             bsp_debug_usart.o
    0x08003788   0x00000050   Code   RO         6584    i.free              mc_w.l(malloc.o)
    0x080037d8   0x0000004c   Code   RO         4968    i.main              main.o
    0x08003824   0x0000006c   Code   RO         6585    i.malloc            mc_w.l(malloc.o)
    0x08003890   0x00000056   Code   RO         5908    i.nmea_GPGGA2info   parse.o
    0x080038e6   0x00000060   Code   RO         5909    i.nmea_GPGSA2info   parse.o
    0x08003946   0x0000006e   Code   RO         5910    i.nmea_GPGSV2info   parse.o
    0x080039b4   0x00000088   Code   RO         5911    i.nmea_GPRMC2info   parse.o
    0x08003a3c   0x00000022   Code   RO         5912    i.nmea_GPVTG2info   parse.o
    0x08003a5e   0x0000002c   Code   RO         6132    i.nmea_atof         tok.o
    0x08003a8a   0x0000002c   Code   RO         6133    i.nmea_atoi         tok.o
    0x08003ab6   0x00000002   PAD
    0x08003ab8   0x000000b0   Code   RO         5026    i.nmea_decode_test  nema_decode_test.o
    0x08003b68   0x00000038   Code   RO         5490    i.nmea_error        context.o
    0x08003ba0   0x0000007a   Code   RO         5913    i.nmea_find_tail    parse.o
    0x08003c1a   0x00000002   PAD
    0x08003c1c   0x00000060   Code   RO         5914    i.nmea_pack_type    parse.o
    0x08003c7c   0x00000072   Code   RO         6003    i.nmea_parse        parser.o
    0x08003cee   0x00000002   PAD
    0x08003cf0   0x000000ec   Code   RO         5915    i.nmea_parse_GPGGA  parse.o
    0x08003ddc   0x000000cc   Code   RO         5916    i.nmea_parse_GPGSA  parse.o
    0x08003ea8   0x000000bc   Code   RO         5917    i.nmea_parse_GPGSV  parse.o
    0x08003f64   0x000000fc   Code   RO         5918    i.nmea_parse_GPRMC  parse.o
    0x08004060   0x000000d4   Code   RO         5919    i.nmea_parse_GPVTG  parse.o
    0x08004134   0x00000050   Code   RO         6007    i.nmea_parser_init  parser.o
    0x08004184   0x00000022   Code   RO         6009    i.nmea_parser_pop   parser.o
    0x080041a6   0x0000002a   Code   RO         6010    i.nmea_parser_push  parser.o
    0x080041d0   0x000001ac   Code   RO         6012    i.nmea_parser_real_push  parser.o
    0x0800437c   0x00000008   Code   RO         5491    i.nmea_property     context.o
    0x08004384   0x00000198   Code   RO         6136    i.nmea_scanf        tok.o
    0x0800451c   0x00000016   Code   RO         6114    i.nmea_time_now     time.o
    0x08004532   0x00000002   PAD
    0x08004534   0x00000014   Code   RO         5493    i.nmea_trace_buff   context.o
    0x08004548   0x0000001c   Code   RO         5892    i.nmea_zero_INFO    info.o
    0x08004564   0x0000000c   Code   RO         5241    i.ssd1306_I2C_Init  ssd1306.o
    0x08004570   0x00000020   Code   RO         5242    i.ssd1306_I2C_Write  ssd1306.o
    0x08004590   0x00000048   Code   RO         5243    i.ssd1306_I2C_WriteMulti  ssd1306.o
    0x080045d8   0x0000001c   Code   RO         6264    i.strtod            m_ws.l(strtod.o)
    0x080045f4   0x00000002   Code   RO         5027    i.trace             nema_decode_test.o
    0x080045f6   0x00000010   Data   RO         1374    .constdata          stm32f1xx_hal_rcc.o
    0x08004606   0x0000076c   Data   RO         5124    .constdata          fonts.o
    0x08004d72   0x00000081   Data   RO         6281    .constdata          mc_w.l(ctype_o.o)
    0x08004df3   0x00000001   PAD
    0x08004df4   0x00000004   Data   RO         6282    .constdata          mc_w.l(ctype_o.o)
    0x08004df8   0x0000006a   Data   RO         5920    .conststring        parse.o
    0x08004e62   0x00000002   PAD
    0x08004e64   0x00000020   Data   RO         6735    Region$$Table       anon$$obj.o


    Execution Region RW_IRAM1 (Base: 0x20000000, Size: 0x00002760, Max: 0x00005000, ABSOLUTE)

    Base Addr    Size         Type   Attr      Idx    E Section Name        Object

    0x20000000   0x00000004   Data   RW            7    .data               system_stm32f1xx.o
    0x20000004   0x00000004   Data   RW         1740    .data               stm32f1xx_hal.o
    0x20000008   0x00000002   Data   RW         5029    .data               nema_decode_test.o
    0x2000000a   0x00000002   PAD
    0x2000000c   0x00000008   Data   RW         5127    .data               fonts.o
    0x20000014   0x00000006   Data   RW         5245    .data               ssd1306.o
    0x2000001a   0x00000002   PAD
    0x2000001c   0x0000000c   Data   RW         5494    .data               context.o
    0x20000028   0x00000014   Data   RW         5921    .data               parse.o
    0x2000003c   0x00000004   Data   RW         6683    .data               mc_w.l(stdout.o)
    0x20000040   0x00000004   Data   RW         6692    .data               mc_w.l(mvars.o)
    0x20000044   0x00000004   Data   RW         6693    .data               mc_w.l(mvars.o)
    0x20000048   0x00000004   Data   RW         6697    .data               mc_w.l(errno.o)
    0x2000004c   0x00000200   Zero   RW         5028    .bss                nema_decode_test.o
    0x2000024c   0x0000003c   Zero   RW         5185    .bss                i2c.o
    0x20000288   0x00000420   Zero   RW         5244    .bss                ssd1306.o
    0x200006a8   0x00000040   Zero   RW         5408    .bss                bsp_debug_usart.o
    0x200006e8   0x00000078   Zero   RW         5459    .bss                bsp_gps_usartx.o
    0x20000760   0x00001000   Zero   RW         5361    HEAP                startup_stm32f103xb.o
    0x20001760   0x00001000   Zero   RW         5360    STACK               startup_stm32f103xb.o


==============================================================================

Image component sizes


      Code (inc. data)   RO Data    RW Data    ZI Data      Debug   Object Name

       180         30          0          0         64       2404   bsp_debug_usart.o
       228         30          0          0        120       1903   bsp_gps_usartx.o
        84         12          0         12          0       3575   context.o
         0          0       1900          8          0       1291   fonts.o
         0          0          0          0          0       2740   generate.o
        60          6          0          0          0        839   gpio.o
       116         28          0          0         60       1581   i2c.o
        28          0          0          0          0       2045   info.o
       168         36          0          0          0       2318   main.o
       530         40          0          2        512       7380   nema_decode_test.o
      1916        466        106         20          0      10566   parse.o
       698         52          0          0          0       5534   parser.o
       844         50          0          6       1056       7096   ssd1306.o
        36          8        236          0       8192        796   startup_stm32f103xb.o
       120         16          0          4          0       3770   stm32f1xx_hal.o
       228         14          0          0          0      27601   stm32f1xx_hal_cortex.o
       818          4          0          0          0       3739   stm32f1xx_hal_dma.o
       444         36          0          0          0       2476   stm32f1xx_hal_gpio.o
      1360         22          0          0          0       9073   stm32f1xx_hal_i2c.o
        92          6          0          0          0        890   stm32f1xx_hal_msp.o
      2510         86         16          0          0       6376   stm32f1xx_hal_rcc.o
       900         18          0          0          0       7368   stm32f1xx_hal_uart.o
        38          6          0          0          0       3626   stm32f1xx_it.o
        72         16          0          4          0     237353   system_stm32f1xx.o
        22          0          0          0          0       1392   time.o
       496          0          0          0          0       3903   tok.o

    ----------------------------------------------------------------------
     12010        982       2292         60      10004     357635   Object Totals
         0          0         32          0          0          0   (incl. Generated)
        22          0          2          4          0          0   (incl. Padding)

    ----------------------------------------------------------------------

      Code (inc. data)   RO Data    RW Data    ZI Data      Debug   Library Member Name

        28          0          0          0          0         80   strtod.o
        28          0          0          0          0         68   _chval.o
        64          0          0          0          0         84   _sgetc.o
       158          0          0          0          0         92   _strtoul.o
         8          4        133          0          0         68   ctype_o.o
         0          0          0          0          0          0   entry.o
         0          0          0          0          0          0   entry10a.o
         0          0          0          0          0          0   entry11a.o
         8          4          0          0          0          0   entry2.o
         4          0          0          0          0          0   entry5.o
         0          0          0          0          0          0   entry7b.o
         0          0          0          0          0          0   entry8b.o
         8          4          0          0          0          0   entry9a.o
         8          4          0          4          0         68   errno.o
        30          0          0          0          0          0   handlers.o
        36          8          0          0          0         68   init.o
        18          0          0          0          0         76   isspace_o.o
         0          0          0          0          0          0   iusefp.o
        30          0          0          0          0         68   llshl.o
        36          0          0          0          0         68   llsshr.o
        32          0          0          0          0         68   llushr.o
       188         20          0          0          0        160   malloc.o
        20          0          0          0          0         68   memchr.o
        26          0          0          0          0         80   memcmp.o
        36          0          0          0          0         68   memcpya.o
        36          0          0          0          0        108   memseta.o
         0          0          0          8          0          0   mvars.o
      2334        100          0          0          0        744   printfa.o
       838         12          0          0          0        216   scanf_fp.o
         0          0          0          4          0          0   stdout.o
        14          0          0          0          0         68   strlen.o
       156         14          0          0          0        120   strtod.o
       112          0          0          0          0         88   strtol.o
        44          0          0          0          0         80   uidiv.o
        98          0          0          0          0         92   uldiv.o
        48          0          0          0          0         68   cdrcmple.o
        56          0          0          0          0         88   d2f.o
       334          0          0          0          0        148   dadd.o
       222          0          0          0          0        100   ddiv.o
       186          0          0          0          0        176   depilogue.o
        48          0          0          0          0         68   dfixul.o
        24          0          0          0          0         76   dfltul.o
       228          0          0          0          0         96   dmul.o
       110          0          0          0          0        168   fepilogue.o

    ----------------------------------------------------------------------
      5664        170        134         16          0       3688   Library Totals
        10          0          1          0          0          0   (incl. Padding)

    ----------------------------------------------------------------------

      Code (inc. data)   RO Data    RW Data    ZI Data      Debug   Library Name

        28          0          0          0          0         80   m_ws.l
      4370        170        133         16          0       2620   mc_w.l
      1256          0          0          0          0        988   mf_w.l

    ----------------------------------------------------------------------
      5664        170        134         16          0       3688   Library Totals

    ----------------------------------------------------------------------

==============================================================================


      Code (inc. data)   RO Data    RW Data    ZI Data      Debug   

     17674       1152       2426         76      10004     354195   Grand Totals
     17674       1152       2426         76      10004     354195   ELF Image Totals
     17674       1152       2426         76          0          0   ROM Totals

==============================================================================

    Total RO  Size (Code + RO Data)                20100 (  19.63kB)
    Total RW  Size (RW Data + ZI Data)             10080 (   9.84kB)
    Total ROM Size (Code + RO Data + RW Data)      20176 (  19.70kB)

==============================================================================

